\BOOKMARK [0][-]{chapter*.2}{\376\377\133\374\213\373}{}% 1
\BOOKMARK [0][-]{chapter.1}{\376\377\225\356\230\230\200\314\146\157\116\016\127\372\147\054\166\356\150\007}{}% 2
\BOOKMARK [1][-]{section.1.1}{\376\377\221\115\165\065\177\121\142\323\142\121\217\250\213\306\166\204\121\170\127\213\213\276\133\232}{chapter.1}% 3
\BOOKMARK [1][-]{section.1.2}{\376\377\127\372\147\054\173\046\123\367}{chapter.1}% 4
\BOOKMARK [1][-]{section.1.3}{\376\377\140\073\117\123\166\356\150\007}{chapter.1}% 5
\BOOKMARK [0][-]{chapter.2}{\376\377\215\035\123\366\145\257\164\006\213\272\127\372\170\100}{}% 6
\BOOKMARK [1][-]{section.2.1}{\376\377\147\141\116\366\151\202\163\207}{chapter.2}% 7
\BOOKMARK [1][-]{section.2.2}{\376\377\215\035\123\366\145\257\121\154\137\017}{chapter.2}% 8
\BOOKMARK [1][-]{section.2.3}{\376\377\121\110\232\214\060\001\117\074\161\066\060\001\124\016\232\214\166\204\166\364\211\302\124\053\116\111}{chapter.2}% 9
\BOOKMARK [1][-]{section.2.4}{\376\377\000M\000A\000P\000\040\116\016\000\040\000M\000L\000E}{chapter.2}% 10
\BOOKMARK [0][-]{chapter.3}{\376\377\116\316\123\302\145\160\124\016\232\214\122\060\142\323\142\121\124\016\232\214}{}% 11
\BOOKMARK [1][-]{section.3.1}{\376\377\142\323\142\121\146\057\171\273\145\143\176\323\147\204\123\330\221\317}{chapter.3}% 12
\BOOKMARK [1][-]{section.3.2}{\376\377\133\371\176\277\215\357\123\302\145\160\166\204\217\271\177\030\123\026}{chapter.3}% 13
\BOOKMARK [0][-]{chapter.4}{\376\377\000A\000C\000\040\157\156\155\101\153\213\135\356\131\202\117\125\137\142\142\020\117\074\161\066}{}% 14
\BOOKMARK [1][-]{section.4.1}{\376\377\232\330\145\257\155\113\221\317\126\152\130\360\116\013\166\204\153\213\135\356\117\074\161\066}{chapter.4}% 15
\BOOKMARK [1][-]{section.4.2}{\376\377\156\051\136\246\123\302\145\160\116\016\152\041\127\213\225\031\213\276\210\145\120\177}{chapter.4}% 16
\BOOKMARK [1][-]{section.4.3}{\376\377\217\223\121\145\123\330\221\317\116\137\147\011\213\357\135\356\145\366\166\204\000\040\000E\000I\000V\000\040\137\142\137\017}{chapter.4}% 17
\BOOKMARK [0][-]{chapter.5}{\376\377\142\323\142\121\121\110\232\214\166\204\136\070\211\301\137\142\137\017}{}% 18
\BOOKMARK [1][-]{section.5.1}{\376\377\121\110\232\214\166\204\211\322\202\162}{chapter.5}% 19
\BOOKMARK [1][-]{section.5.2}{\376\377\127\107\123\000\150\021\121\110\232\214}{chapter.5}% 20
\BOOKMARK [1][-]{section.5.3}{\376\377\215\335\171\273\167\351\226\065\121\110\232\214}{chapter.5}% 21
\BOOKMARK [1][-]{section.5.4}{\376\377\226\073\142\227\060\001\127\060\164\006\124\214\135\345\172\013\211\304\122\031\121\110\232\214}{chapter.5}% 22
\BOOKMARK [0][-]{chapter.6}{\376\377\217\271\124\016\232\214\151\202\163\207}{}% 23
\BOOKMARK [1][-]{section.6.1}{\376\377\133\232\116\111}{chapter.6}% 24
\BOOKMARK [1][-]{section.6.2}{\376\377\217\271\124\016\232\214\116\016\217\271\147\103\166\204\123\072\122\053}{chapter.6}% 25
\BOOKMARK [0][-]{chapter.7}{\376\377\000M\000a\000t\000r\000i\000x\000-\000T\000r\000e\000e\000\040\000T\000h\000e\000o\000r\000e\000m\000\040\116\016\123\357\122\006\211\343\150\021\124\016\232\214}{}% 26
\BOOKMARK [1][-]{section.7.1}{\376\377\217\271\123\357\122\240\122\006\145\160}{chapter.7}% 27
\BOOKMARK [1][-]{section.7.2}{\376\377\167\351\226\065\150\021\133\232\164\006}{chapter.7}% 28
\BOOKMARK [1][-]{section.7.3}{\376\377\217\271\217\271\177\030\151\202\163\207}{chapter.7}% 29
\BOOKMARK [1][-]{section.7.4}{\376\377\134\100\226\120\140\047}{chapter.7}% 30
\BOOKMARK [0][-]{chapter.8}{\376\377\000C\000h\000o\000w\000-\000L\000i\000u\000\040\000T\000r\000e\000e\000\040\116\016\000\040\000S\000o\000f\000t\000\040\000C\000h\000o\000w\000-\000L\000i\000u}{}% 31
\BOOKMARK [1][-]{section.8.1}{\376\377\150\021\176\323\147\204\151\202\163\207\122\006\136\003}{chapter.8}% 32
\BOOKMARK [1][-]{section.8.2}{\376\377\000C\000h\000o\000w\000-\000L\000i\000u\000\040\166\204\166\356\150\007}{chapter.8}% 33
\BOOKMARK [1][-]{section.8.3}{\376\377\000S\000o\000f\000t\000\040\000C\000h\000o\000w\000-\000L\000i\000u}{chapter.8}% 34
\BOOKMARK [1][-]{section.8.4}{\376\377\127\050\221\115\165\065\177\121\116\055\166\204\211\343\221\312\217\271\165\114}{chapter.8}% 35
\BOOKMARK [0][-]{chapter.9}{\376\377\000A\000C\000\040\153\213\135\356\116\015\123\357\122\006\211\343\145\366\166\204\217\321\117\074\217\271\151\202\163\207\117\060\213\241}{}% 36
\BOOKMARK [1][-]{section.9.1}{\376\377\116\072\116\300\116\110\116\015\200\375\166\364\143\245\165\050\000\040\000M\000a\000t\000r\000i\000x\000-\000T\000r\000e\000e}{chapter.9}% 37
\BOOKMARK [1][-]{section.9.2}{\376\377\134\100\220\350\146\377\116\343\150\021\000\040\000s\000o\000f\000t\000m\000a\000x}{chapter.9}% 38
\BOOKMARK [1][-]{section.9.3}{\376\377\120\031\220\011\150\021\226\306\124\010\137\122\116\000\123\026}{chapter.9}% 39
\BOOKMARK [1][-]{section.9.4}{\376\377\000M\000C\000M\000C\000\040\000o\000v\000e\000r\000\040\000T\000r\000e\000e\000s}{chapter.9}% 40
\BOOKMARK [0][-]{chapter.10}{\376\377\000B\000o\000o\000t\000s\000t\000r\000a\000p\000\040\172\063\133\232\140\047\116\015\146\057\215\035\123\366\145\257\124\016\232\214\377\014\117\106\137\210\147\011\165\050}{}% 41
\BOOKMARK [1][-]{section.10.1}{\376\377\000B\000l\000o\000c\000k\000\040\000b\000o\000o\000t\000s\000t\000r\000a\000p\000\040\166\204\140\035\140\363}{chapter.10}% 42
\BOOKMARK [1][-]{section.10.2}{\376\377\211\343\221\312\217\271\165\114}{chapter.10}% 43
\BOOKMARK [0][-]{chapter.11}{\376\377\000S\000c\000o\000r\000e\000\040\000G\000a\000p\000\040\116\016\000\040\000R\000e\000p\000l\000a\000c\000e\000m\000e\000n\000t\000\040\000E\000d\000g\000e\000\040\145\117\141\037\140\047}{}% 44
\BOOKMARK [1][-]{section.11.1}{\376\377\147\000\131\047\165\037\142\020\150\021\116\055\166\204\217\271\145\117\141\037\136\246}{chapter.11}% 45
\BOOKMARK [1][-]{section.11.2}{\376\377\000A\000C\000\040\153\213\135\356\000\040\000g\000a\000p}{chapter.11}% 46
\BOOKMARK [0][-]{chapter.12}{\376\377\116\377\167\037\150\041\121\306\377\032\142\212\177\156\117\341\143\007\150\007\217\154\142\020\176\317\232\214\153\143\170\156\163\207}{}% 47
\BOOKMARK [1][-]{section.12.1}{\376\377\116\316\143\007\150\007\122\060\176\317\232\214\153\143\170\156\163\207}{chapter.12}% 48
\BOOKMARK [1][-]{section.12.2}{\376\377\116\016\215\035\123\366\145\257\124\016\232\214\166\204\123\072\122\053}{chapter.12}% 49
\BOOKMARK [0][-]{chapter.13}{\376\377\176\374\124\010\173\227\154\325\150\106\147\266}{}% 50
\BOOKMARK [1][-]{section.13.1}{\376\377\173\227\154\325\211\343\221\312}{chapter.13}% 51
\BOOKMARK [0][-]{chapter.14}{\376\377\136\070\211\301\213\357\123\072\116\016\211\343\221\312\217\271\165\114}{}% 52
\BOOKMARK [1][-]{section.14.1}{\376\377\124\016\232\214\151\202\163\207\116\015\146\057\133\242\211\302\167\037\164\006}{chapter.14}% 53
\BOOKMARK [1][-]{section.14.2}{\376\377\215\335\171\273\147\103\221\315\116\015\146\057\217\271\151\202\163\207}{chapter.14}% 54
\BOOKMARK [1][-]{section.14.3}{\376\377\000M\000a\000t\000r\000i\000x\000-\000T\000r\000e\000e\000\040\166\204\220\002\165\050\203\003\126\364}{chapter.14}% 55
\BOOKMARK [1][-]{section.14.4}{\376\377\000C\000h\000o\000w\000-\000L\000i\000u\000\040\116\015\146\057\162\151\164\006\142\323\142\121\217\250\213\306\166\204\121\150\220\350}{chapter.14}% 56
\BOOKMARK [1][-]{section.14.5}{\376\377\000B\000o\000o\000t\000s\000t\000r\000a\000p\000\040\172\063\133\232\140\047\116\015\146\057\215\035\123\366\145\257\124\016\232\214}{chapter.14}% 57
\BOOKMARK [1][-]{section.14.6}{\376\377\000R\000e\000d\000u\000c\000e\000d\000\040\000t\000o\000p\000o\000l\000o\000g\000y\000\040\116\016\167\037\133\236\162\151\164\006\176\277\215\357}{chapter.14}% 58
\BOOKMARK [1][-]{section.14.7}{\376\377\117\116\177\156\117\341\217\271\116\015\173\111\116\216\173\227\154\325\225\031\213\357}{chapter.14}% 59
\BOOKMARK [0][-]{chapter.15}{\376\377\173\046\123\367\210\150}{}% 60
\BOOKMARK [0][-]{chapter.16}{\376\377\140\073\176\323}{}% 61
