\BOOKMARK [0][-]{chapter.1}{\376\377\176\352\213\272\377\032\116\072\116\300\116\110\221\115\165\065\177\121\142\323\142\121\217\250\213\306\227\000\211\201\126\376\213\272}{}% 1
\BOOKMARK [1][-]{section.1.1}{\376\377\142\323\142\121\217\250\213\306\225\356\230\230\166\204\126\376\213\272\210\150\217\360}{chapter.1}% 2
\BOOKMARK [1][-]{section.1.2}{\376\377\145\076\134\004\162\266\177\121\060\001\150\021\116\016\147\011\150\071\150\021}{chapter.1}% 3
\BOOKMARK [1][-]{section.1.3}{\376\377\147\053\172\357\146\172\200\375\165\065\210\150\221\317\155\113\127\072\146\157}{chapter.1}% 4
\BOOKMARK [1][-]{section.1.4}{\376\377\131\032\156\220\117\341\140\157\116\016\126\376\121\163\174\373\133\146\116\140}{chapter.1}% 5
\BOOKMARK [1][-]{section.1.5}{\376\377\116\011\174\173\142\323\142\121\217\250\213\306\116\373\122\241}{chapter.1}% 6
\BOOKMARK [2][-]{subsection.1.5.1}{\376\377\121\150\202\202\160\271\123\357\211\302\155\113}{section.1.5}% 7
\BOOKMARK [2][-]{subsection.1.5.2}{\376\377\116\305\123\366\202\202\160\271\123\357\211\302\155\113}{section.1.5}% 8
\BOOKMARK [2][-]{subsection.1.5.3}{\376\377\120\031\220\011\126\376\121\205\137\000\121\163\162\266\140\001\217\250\213\306}{section.1.5}% 9
\BOOKMARK [1][-]{section.1.6}{\376\377\147\054\172\340\134\017\176\323}{chapter.1}% 10
\BOOKMARK [0][-]{chapter.2}{\376\377\150\021\060\001\215\357\137\204\116\016\147\011\150\071\150\021\127\372\170\100}{}% 11
\BOOKMARK [1][-]{section.2.1}{\376\377\126\376\060\001\215\357\137\204\060\001\217\336\220\032\140\047\116\016\145\340\163\257\140\047}{chapter.2}% 12
\BOOKMARK [1][-]{section.2.2}{\376\377\147\011\150\071\150\021\060\001\162\066\133\120\121\163\174\373\116\016\155\361\136\246}{chapter.2}% 13
\BOOKMARK [1][-]{section.2.3}{\376\377\221\115\165\065\177\121\116\055\166\204\226\220\205\317\122\006\145\057\202\202\160\271}{chapter.2}% 14
\BOOKMARK [1][-]{section.2.4}{\376\377\136\246\116\072\000\040\0002\000\040\226\220\205\317\202\202\160\271\116\072\117\125\116\015\123\357\125\057\116\000\140\142\131\015}{chapter.2}% 15
\BOOKMARK [1][-]{section.2.5}{\376\377\147\054\172\340\134\017\176\323}{chapter.2}% 16
\BOOKMARK [0][-]{chapter.3}{\376\377\147\000\134\017\165\037\142\020\150\021\164\006\213\272}{}% 17
\BOOKMARK [1][-]{section.3.1}{\376\377\165\037\142\020\150\021\116\016\147\000\134\017\165\037\142\020\150\021}{chapter.3}% 18
\BOOKMARK [1][-]{section.3.2}{\376\377\000K\000r\000u\000s\000k\000a\000l\000\040\173\227\154\325}{chapter.3}% 19
\BOOKMARK [1][-]{section.3.3}{\376\377\000P\000r\000i\000m\000\040\173\227\154\325}{chapter.3}% 20
\BOOKMARK [1][-]{section.3.4}{\376\377\122\162\140\047\215\050\116\016\163\257\140\047\215\050}{chapter.3}% 21
\BOOKMARK [1][-]{section.3.5}{\376\377\125\057\116\000\000\040\000M\000S\000T\000\040\147\141\116\366}{chapter.3}% 22
\BOOKMARK [1][-]{section.3.6}{\376\377\116\000\116\052\221\115\165\065\177\121\142\323\142\121\140\142\131\015\117\213\133\120}{chapter.3}% 23
\BOOKMARK [1][-]{section.3.7}{\376\377\147\054\172\340\134\017\176\323}{chapter.3}% 24
\BOOKMARK [0][-]{chapter.4}{\376\377\000M\000S\000T\000\040\117\125\145\366\200\375\140\142\131\015\167\037\133\236\221\115\165\065\177\121\142\323\142\121}{}% 25
\BOOKMARK [1][-]{section.4.1}{\376\377\133\214\145\164\202\202\160\271\226\306\116\016\122\240\140\047\150\021\215\335\171\273}{chapter.4}% 26
\BOOKMARK [1][-]{section.4.2}{\376\377\000C\000u\000t\000-\000c\000o\000n\000s\000i\000s\000t\000e\000n\000c\000y\000\040\121\105\122\006\147\141\116\366}{chapter.4}% 27
\BOOKMARK [1][-]{section.4.3}{\376\377\126\152\130\360\116\013\166\204\000\040\000m\000a\000r\000g\000i\000n\000\040\147\141\116\366}{chapter.4}% 28
\BOOKMARK [1][-]{section.4.4}{\376\377\221\115\165\065\177\121\162\151\164\006\211\343\221\312}{chapter.4}% 29
\BOOKMARK [1][-]{section.4.5}{\376\377\000M\000S\000T\000\040\117\177\165\050\150\300\147\345\156\005\123\125}{chapter.4}% 30
\BOOKMARK [1][-]{section.4.6}{\376\377\147\054\172\340\134\017\176\323}{chapter.4}% 31
\BOOKMARK [0][-]{chapter.5}{\376\377\123\315\117\213\377\032\116\072\116\300\116\110\040\034\147\011\215\335\171\273\167\351\226\065\040\035\116\015\116\343\210\150\000\040\000M\000S\000T\000\040\116\000\133\232\153\143\170\156}{}% 32
\BOOKMARK [1][-]{section.5.1}{\376\377\123\315\117\213\000\040\0001\377\032\116\305\123\366\202\202\160\271\123\357\211\302\155\113\166\204\146\037\137\142\226\220\205\317\116\055\137\303}{chapter.5}% 33
\BOOKMARK [1][-]{section.5.2}{\376\377\123\315\117\213\000\040\0002\377\032\215\335\171\273\116\015\146\057\122\240\140\047\150\021\215\335\171\273}{chapter.5}% 34
\BOOKMARK [1][-]{section.5.3}{\376\377\123\315\117\213\000\040\0003\377\032\121\154\121\161\156\220\172\357\165\065\123\213\133\374\201\364\225\031\213\357\217\336\143\245}{chapter.5}% 35
\BOOKMARK [1][-]{section.5.4}{\376\377\123\315\117\213\000\040\0004\377\032\215\037\203\167\232\330\136\246\166\370\121\163\133\374\201\364\215\335\171\273\220\000\123\026}{chapter.5}% 36
\BOOKMARK [1][-]{section.5.5}{\376\377\123\315\117\213\000\040\0005\377\032\220\032\117\341\215\357\165\061\126\376\116\015\173\111\116\216\165\065\154\024\142\323\142\121\126\376}{chapter.5}% 37
\BOOKMARK [1][-]{section.5.6}{\376\377\116\000\116\052\176\337\116\000\211\306\211\322\377\032\000M\000S\000T\000\040\131\061\215\045\166\204\150\071\156\220}{chapter.5}% 38
\BOOKMARK [1][-]{section.5.7}{\376\377\147\054\172\340\134\017\176\323}{chapter.5}% 39
\BOOKMARK [0][-]{chapter.6}{\376\377\122\240\140\047\150\021\215\335\171\273\116\016\000\040\000f\000o\000u\000r\000-\000p\000o\000i\000n\000t\000\040\000c\000o\000n\000d\000i\000t\000i\000o\000n}{}% 40
\BOOKMARK [1][-]{section.6.1}{\376\377\122\240\140\047\150\021\215\335\171\273}{chapter.6}% 41
\BOOKMARK [1][-]{section.6.2}{\376\377\000F\000o\000u\000r\000-\000p\000o\000i\000n\000t\000\040\000c\000o\000n\000d\000i\000t\000i\000o\000n}{chapter.6}% 42
\BOOKMARK [1][-]{section.6.3}{\376\377\116\016\226\220\205\317\150\021\221\315\147\204\166\204\121\163\174\373}{chapter.6}% 43
\BOOKMARK [1][-]{section.6.4}{\376\377\126\333\123\366\202\202\160\271\145\160\120\074\171\072\117\213}{chapter.6}% 44
\BOOKMARK [1][-]{section.6.5}{\376\377\147\054\172\340\134\017\176\323}{chapter.6}% 45
\BOOKMARK [0][-]{chapter.7}{\376\377\123\366\202\202\160\271\215\335\171\273\116\013\166\204\226\220\205\317\150\021\221\315\147\204}{}% 46
\BOOKMARK [1][-]{section.7.1}{\376\377\000T\000e\000r\000m\000i\000n\000a\000l\000\040\000n\000o\000d\000e\000s\000\040\116\016\000\040\000h\000i\000d\000d\000e\000n\000\040\000n\000o\000d\000e\000s}{chapter.7}% 47
\BOOKMARK [1][-]{section.7.2}{\376\377\000A\000d\000d\000i\000t\000i\000v\000e\000\040\000p\000h\000y\000l\000o\000g\000e\000n\000y\000\040\140\035\140\363}{chapter.7}% 48
\BOOKMARK [1][-]{section.7.3}{\376\377\000N\000e\000i\000g\000h\000b\000o\000r\000\040\000j\000o\000i\000n\000i\000n\000g\000\040\140\035\140\363}{chapter.7}% 49
\BOOKMARK [1][-]{section.7.4}{\376\377\000R\000e\000c\000u\000r\000s\000i\000v\000e\000\040\000g\000r\000o\000u\000p\000i\000n\000g\000\040\140\035\140\363}{chapter.7}% 50
\BOOKMARK [1][-]{section.7.5}{\376\377\136\246\116\072\000\040\0002\000\040\226\220\205\317\202\202\160\271\166\204\116\015\123\357\217\250\213\306\140\047}{chapter.7}% 51
\BOOKMARK [1][-]{section.7.6}{\376\377\134\017\211\304\152\041\145\160\120\074\117\213\133\120}{chapter.7}% 52
\BOOKMARK [1][-]{section.7.7}{\376\377\147\054\172\340\134\017\176\323}{chapter.7}% 53
\BOOKMARK [0][-]{chapter.8}{\376\377\221\115\165\065\177\121\116\055\166\204\226\073\142\227\215\335\171\273}{}% 54
\BOOKMARK [1][-]{section.8.1}{\376\377\000L\000i\000n\000D\000i\000s\000t\000F\000l\000o\000w\000\040\217\321\117\074}{chapter.8}% 55
\BOOKMARK [1][-]{section.8.2}{\376\377\121\154\121\161\215\357\137\204\226\073\142\227\124\214}{chapter.8}% 56
\BOOKMARK [1][-]{section.8.3}{\376\377\226\073\142\227\215\335\171\273\166\204\147\204\220\040}{chapter.8}% 57
\BOOKMARK [1][-]{section.8.4}{\376\377\116\011\202\202\160\271\000/\126\333\202\202\160\271\173\227\117\213}{chapter.8}% 58
\BOOKMARK [1][-]{section.8.5}{\376\377\162\151\164\006\141\017\116\111}{chapter.8}% 59
\BOOKMARK [1][-]{section.8.6}{\376\377\147\054\172\340\134\017\176\323}{chapter.8}% 60
\BOOKMARK [0][-]{chapter.9}{\376\377\116\316\000\040\000P\000/\000Q\000/\000V\000\040\146\362\176\277\117\060\213\241\215\335\171\273\167\351\226\065}{}% 61
\BOOKMARK [1][-]{section.9.1}{\376\377\131\032\145\366\122\073\176\277\140\047\152\041\127\213}{chapter.9}% 62
\BOOKMARK [1][-]{section.9.2}{\376\377\134\255\126\336\137\122\060\001\000L\000a\000s\000s\000o\000\040\116\016\000\040\000E\000l\000a\000s\000t\000i\000c\000\040\000N\000e\000t}{chapter.9}% 63
\BOOKMARK [1][-]{section.9.3}{\376\377\121\154\121\161\156\220\172\357\165\065\123\213\152\041\140\001}{chapter.9}% 64
\BOOKMARK [1][-]{section.9.4}{\376\377\147\052\221\317\155\113\215\037\203\167\116\016\220\127\157\017\123\330\221\317\120\117\135\356}{chapter.9}% 65
\BOOKMARK [1][-]{section.9.5}{\376\377\117\060\213\241\213\357\135\356\116\016\000\040\000M\000S\000T\000\040\000m\000a\000r\000g\000i\000n}{chapter.9}% 66
\BOOKMARK [1][-]{section.9.6}{\376\377\000P\000y\000t\000h\000o\000n\000\040\133\236\163\260\140\035\215\357}{chapter.9}% 67
\BOOKMARK [1][-]{section.9.7}{\376\377\147\054\172\340\134\017\176\323}{chapter.9}% 68
\BOOKMARK [0][-]{chapter.10}{\376\377\220\032\117\341\145\160\143\156\116\016\131\032\211\306\126\376\126\376\121\163\174\373\133\146\116\140}{}% 69
\BOOKMARK [1][-]{section.10.1}{\376\377\000P\000L\000C\000/\000H\000P\000L\000C\000\040\220\032\117\341\145\160\143\156\174\173\127\213}{chapter.10}% 70
\BOOKMARK [1][-]{section.10.2}{\376\377\220\032\117\341\126\376\116\015\173\111\116\216\165\065\154\024\126\376}{chapter.10}% 71
\BOOKMARK [1][-]{section.10.3}{\376\377\220\032\117\341\215\335\171\273\117\134\116\072\000\040\000n\000o\000i\000s\000y\000\040\000p\000r\000i\000o\000r}{chapter.10}% 72
\BOOKMARK [1][-]{section.10.4}{\376\377\131\032\211\306\126\376\126\376}{chapter.10}% 73
\BOOKMARK [1][-]{section.10.5}{\376\377\165\061\217\271\151\202\163\207\211\343\170\001\116\072\145\076\134\004\162\266\142\323\142\121}{chapter.10}% 74
\BOOKMARK [1][-]{section.10.6}{\376\377\162\151\164\006\176\246\147\137\166\204\117\134\165\050}{chapter.10}% 75
\BOOKMARK [1][-]{section.10.7}{\376\377\147\054\172\340\134\017\176\323}{chapter.10}% 76
\BOOKMARK [0][-]{chapter.11}{\376\377\126\376\142\311\146\156\142\311\145\257\060\001\121\163\200\124\167\351\226\065\116\016\133\374\176\263\167\351\226\065}{}% 77
\BOOKMARK [1][-]{section.11.1}{\376\377\121\163\200\124\167\351\226\065}{chapter.11}% 78
\BOOKMARK [1][-]{section.11.2}{\376\377\126\376\142\311\146\156\142\311\145\257}{chapter.11}% 79
\BOOKMARK [1][-]{section.11.3}{\376\377\133\374\176\263\167\351\226\065\172\000\165\217\140\047}{chapter.11}% 80
\BOOKMARK [1][-]{section.11.4}{\376\377\000R\000e\000d\000u\000c\000e\000d\000\040\000L\000a\000p\000l\000a\000c\000i\000a\000n}{chapter.11}% 81
\BOOKMARK [1][-]{section.11.5}{\376\377\000E\000f\000f\000e\000c\000t\000i\000v\000e\000\040\000r\000e\000s\000i\000s\000t\000a\000n\000c\000e}{chapter.11}% 82
\BOOKMARK [1][-]{section.11.6}{\376\377\000K\000r\000o\000n\000\040\000r\000e\000d\000u\000c\000t\000i\000o\000n}{chapter.11}% 83
\BOOKMARK [1][-]{section.11.7}{\376\377\116\016\142\323\142\121\217\250\213\306\166\204\121\163\174\373}{chapter.11}% 84
\BOOKMARK [1][-]{section.11.8}{\376\377\147\054\172\340\134\017\176\323}{chapter.11}% 85
\BOOKMARK [0][-]{chapter.12}{\376\377\140\073\176\323\116\016\170\024\172\166\215\357\176\277\136\372\213\256}{}% 86
\BOOKMARK [1][-]{section.12.1}{\376\377\117\125\145\366\000\040\000M\000S\000T\000\040\215\263\131\037}{chapter.12}% 87
\BOOKMARK [1][-]{section.12.2}{\376\377\117\125\145\366\137\305\230\173\117\177\165\050\000\040\000h\000i\000d\000d\000e\000n\000\040\000t\000r\000e\000e\000\040\000r\000e\000c\000o\000n\000s\000t\000r\000u\000c\000t\000i\000o\000n}{chapter.12}% 88
\BOOKMARK [1][-]{section.12.3}{\376\377\117\125\145\366\227\000\211\201\162\151\164\006\176\246\147\137}{chapter.12}% 89
\BOOKMARK [1][-]{section.12.4}{\376\377\117\125\145\366\227\000\211\201\220\032\117\341\000/\000G\000I\000S\000\040\121\110\232\214}{chapter.12}% 90
\BOOKMARK [1][-]{section.12.5}{\376\377\220\002\124\010\137\000\230\230\166\204\170\024\172\166\225\356\230\230}{chapter.12}% 91
\BOOKMARK [1][-]{section.12.6}{\376\377\136\372\213\256\133\236\232\214\213\276\213\241}{chapter.12}% 92
\BOOKMARK [1][-]{section.12.7}{\376\377\147\054\172\340\134\017\176\323}{chapter.12}% 93
