\BOOKMARK [1][-]{section.1}{\376\377\0001\000\040\226\005\213\373\203\003\126\364\060\001\176\337\116\000\152\041\127\213\116\016\122\044\145\255\150\007\121\306}{}% 1
\BOOKMARK [2][-]{subsection.1.1}{\376\377\0001\000.\0001\000\040\145\207\163\056\177\026\123\367\116\016\213\301\143\156\134\102\176\247}{section.1}% 2
\BOOKMARK [2][-]{subsection.1.2}{\376\377\0001\000.\0002\000\040\116\316\157\156\155\101\122\060\121\161\124\014\215\357\137\204\167\351\226\065\377\032\147\054\145\207\176\337\116\000\143\250\133\374}{section.1}% 3
\BOOKMARK [2][-]{subsection.1.3}{\376\377\0001\000.\0003\000\040\150\021\215\335\171\273\060\001\150\071\117\341\140\157\124\214\116\015\123\357\217\250\213\306\140\047}{section.1}% 4
\BOOKMARK [2][-]{subsection.1.4}{\376\377\0001\000.\0004\000\040\126\336\137\122\213\357\135\356\131\202\117\125\123\330\142\020\176\323\147\204\213\357\135\356\377\032\147\054\145\207\143\250\133\374}{section.1}% 5
\BOOKMARK [2][-]{subsection.1.5}{\376\377\0001\000.\0005\000\040\116\072\116\300\116\110\151\202\163\207\060\001\117\030\123\026\124\214\217\320\210\114\117\335\213\301\116\015\200\375\116\222\143\142}{section.1}% 6
\BOOKMARK [1][-]{section.2}{\376\377\0002\000\040\225\356\230\230\127\060\126\376\116\016\166\364\143\245\145\271\154\325\145\207\163\056\377\032\000S\0001\040\023\000S\0004}{}% 7
\BOOKMARK [2][-]{subsection.2.1}{\376\377\0002\000.\0001\000\040\000S\0001\377\032\000D\000e\000k\000a\060\001\000K\000e\000k\000a\000t\000o\000s\060\001\000C\000a\000v\000r\000a\000r\000o\377\014\142\323\142\121\133\146\116\140\145\131\172\013}{section.2}% 8
\BOOKMARK [2][-]{subsection.2.2}{\376\377\0002\000.\0002\000\040\000S\0002\377\032\000Z\000h\000a\000n\000g\173\111\377\014\147\053\172\357\000P\000/\000Q\000/\000V\116\013\142\323\142\121\116\016\226\073\142\227\200\124\124\010\117\060\213\241}{section.2}% 9
\BOOKMARK [2][-]{subsection.2.3}{\376\377\0002\000.\0003\000\040\000S\0003\377\032\000F\000a\000n\000g\173\111\377\014\116\011\166\370\165\065\155\101\160\165\145\117\136\246\116\016\000R\000G\126\336\156\257}{section.2}% 10
\BOOKMARK [2][-]{subsection.2.4}{\376\377\0002\000.\0004\000\040\000S\0004\377\032\000Z\000h\000a\000n\000g\173\111\377\014\226\220\205\317\202\202\160\271\157\134\150\021\060\001\000B\000I\000C\116\016\000E\000M}{section.2}% 11
\BOOKMARK [1][-]{section.3}{\376\377\0003\000\040\177\156\117\341\136\246\060\001\221\317\155\113\213\357\135\356\116\016\217\320\210\114\136\224\165\050\377\032\000S\0005\040\023\000S\0001\0001}{}% 12
\BOOKMARK [2][-]{subsection.3.1}{\376\377\0003\000.\0001\000\040\000S\0005\377\032\131\032\156\220\137\061\166\321\167\143\207\215\124\010\166\204\210\150\213\241\177\156\117\341\136\246}{section.3}% 13
\BOOKMARK [2][-]{subsection.3.2}{\376\377\0003\000.\0002\000\040\000S\0006\377\032\000R\000e\000s\000N\000e\000t\000\040\116\016\121\161\137\142\230\204\155\113\123\117\124\014\213\255\176\303\040\024\040\024\121\372\162\110\213\260\137\125\135\362\150\070\133\236\377\014\145\271\154\325\137\205\121\150\145\207}{section.3}% 14
\BOOKMARK [2][-]{subsection.3.3}{\376\377\0003\000.\0003\000\040\000S\0007\377\032\221\317\123\026\221\317\155\113\116\013\166\204\137\204\124\021\177\121\176\334\123\302\145\160\213\357\135\356\165\114}{section.3}% 15
\BOOKMARK [2][-]{subsection.3.4}{\376\377\0003\000.\0004\000\040\000S\0008\377\032\165\050\166\370\122\053\166\370\121\163\140\047\150\300\147\345\163\260\127\072\142\323\142\121\213\260\137\125}{section.3}% 16
\BOOKMARK [2][-]{subsection.3.5}{\376\377\0003\000.\0005\000\040\000S\0009\377\032\162\266\140\001\117\060\213\241\153\213\135\356\166\204\127\060\164\006\152\041\137\017\116\016\225\031\213\357\133\232\117\115}{section.3}% 17
\BOOKMARK [2][-]{subsection.3.6}{\376\377\0003\000.\0006\000\040\000S\0001\0000\377\032\116\316\116\011\166\370\126\333\176\277\172\357\123\343\152\041\127\213\117\060\213\241\215\160\124\021\000\040\000D\000O\000E}{section.3}% 18
\BOOKMARK [2][-]{subsection.3.7}{\376\377\0003\000.\0007\000\040\000S\0001\0001\377\032\234\201\150\322\000\040\000D\000O\000E\000\040\166\204\121\340\117\125\147\204\220\040\060\001\121\154\136\163\140\047\116\016\133\211\121\150\217\271\165\114}{section.3}% 19
\BOOKMARK [1][-]{section.4}{\376\377\0004\000\040\116\073\122\250\143\242\155\113\116\016\162\171\137\201\117\341\123\367\377\032\000S\0001\0002\040\023\000S\0001\0003\123\312\000P\0001\040\023\000P\0005}{}% 20
\BOOKMARK [2][-]{subsection.4.1}{\376\377\0004\000.\0001\000\040\000S\0001\0002\377\032\165\050\124\315\136\224\167\351\226\065\166\204\173\111\120\074\134\102\140\142\131\015\150\021}{section.4}% 21
\BOOKMARK [2][-]{subsection.4.2}{\376\377\0004\000.\0002\000\040\000S\0001\0003\377\032\116\316\120\031\220\011\142\323\142\121\166\204\147\000\134\017\116\214\116\130\213\304\122\006\122\060\000M\000I\000L\000P}{section.4}% 22
\BOOKMARK [2][-]{subsection.4.3}{\376\377\0004\000.\0003\000\040\000P\0001\377\032\142\311\146\156\142\311\145\257\176\246\147\137\060\001\123\357\217\250\213\306\140\047\116\016\121\370\117\060\213\241\166\204\122\006\135\345}{section.4}% 23
\BOOKMARK [2][-]{subsection.4.4}{\376\377\0004\000.\0004\000\040\000P\0002\377\032\227\136\135\345\230\221\165\065\155\101\154\350\121\145\131\202\117\125\116\247\165\037\217\321\117\074\215\357\137\204\213\301\143\156}{section.4}% 24
\BOOKMARK [2][-]{subsection.4.5}{\376\377\0004\000.\0005\000\040\000P\0003\377\032\000M\000H\000z\154\350\121\145\060\001\145\271\124\021\143\247\122\066\116\016\145\366\136\366\133\232\117\115}{section.4}% 25
\BOOKMARK [2][-]{subsection.4.6}{\376\377\0004\000.\0006\000\040\000P\0004\377\032\000F\000S\000R\177\072\131\061\210\145\121\150\116\055\166\204\220\073\217\221\143\250\145\255\116\016\145\271\124\021\163\034\155\113}{section.4}% 26
\BOOKMARK [2][-]{subsection.4.7}{\376\377\0004\000.\0007\000\040\000P\0005\377\032\201\011\121\262\123\213\177\051\203\267\123\326\122\250\140\001\172\357\123\343\152\041\127\213}{section.4}% 27
\BOOKMARK [2][-]{subsection.4.8}{\376\377\0004\000.\0008\000\040\142\212\116\003\173\307\145\207\163\056\217\336\215\167\147\145\377\032\123\357\116\345\217\301\171\373\166\204\147\072\122\066\116\016\116\015\200\375\167\001\165\145\166\204\213\301\143\156}{section.4}% 28
\BOOKMARK [1][-]{section.5}{\376\377\0005\000\040\151\202\163\207\143\250\145\255\116\016\176\337\213\241\117\335\213\301\377\032\000S\0001\0004\040\023\000S\0001\0007}{}% 29
\BOOKMARK [2][-]{subsection.5.1}{\376\377\0005\000.\0001\000\040\000S\0001\0004\377\032\000B\000i\000s\000s\000i\000r\000i\040\023\000H\000o\000l\000m\000e\000s\040\023\000W\000a\000l\000k\000e\000r\377\014\116\000\202\054\143\137\131\061\232\161\122\250\166\204\117\341\137\365\146\364\145\260}{section.5}% 30
\BOOKMARK [2][-]{subsection.5.2}{\376\377\0005\000.\0002\000\040\000S\0001\0005\377\032\000W\000a\000s\000s\000e\000r\000m\000a\000n\040\023\000R\000a\000m\000d\000a\000s\040\023\000B\000a\000l\000a\000k\000r\000i\000s\000h\000n\000a\000n\377\014\000U\000n\000i\000v\000e\000r\000s\000a\000l\000\040\000I\000n\000f\000e\000r\000e\000n\000c\000e}{section.5}% 31
\BOOKMARK [2][-]{subsection.5.3}{\376\377\0005\000.\0003\000\040\000S\0001\0006\377\032\000Y\000a\000o\040\023\000W\000u\040\023\000B\000h\000a\000r\000a\000t\000h\040\023\000B\000a\000l\000a\000d\000a\000n\000d\000a\000y\000u\000t\000h\000a\000p\000a\000n\000i\377\014\215\205\136\246\221\317\123\117\145\271\135\356\166\204\150\021\172\172\225\364\215\035\123\366\145\257\143\250\145\255}{section.5}% 32
\BOOKMARK [2][-]{subsection.5.4}{\376\377\0005\000.\0004\000\040\000S\0001\0007\377\032\000A\000n\000g\000e\000l\000o\000p\000o\000u\000l\000o\000s\040\023\000B\000a\000t\000e\000s\377\014\121\161\137\142\230\204\155\113\123\312\121\166\142\323\142\121\217\301\171\373\217\271\165\114}{section.5}% 33
\BOOKMARK [1][-]{section.6}{\376\377\0006\000\040\215\350\145\207\163\056\200\124\174\373\060\001\137\123\122\115\230\171\166\356\143\245\123\343\116\016\123\357\150\300\232\214\225\356\230\230}{}% 34
\BOOKMARK [2][-]{subsection.6.1}{\376\377\0006\000.\0001\000\040\134\006\0002\0002\173\307\145\207\163\056\145\076\126\336\124\014\116\000\147\141\143\250\145\255\224\376}{section.6}% 35
\BOOKMARK [2][-]{subsection.6.2}{\376\377\0006\000.\0002\000\040\137\123\122\115\116\343\170\001\116\055\124\352\116\233\133\371\214\141\123\357\116\345\133\371\136\224\377\014\124\352\116\233\227\000\211\201\145\260\145\271\154\325}{section.6}% 36
\BOOKMARK [2][-]{subsection.6.3}{\376\377\0006\000.\0003\000\040\123\357\217\301\171\373\170\024\172\166\225\356\230\230\377\032\146\016\170\156\124\175\230\230\377\014\200\014\227\136\133\243\171\360\145\207\163\056\172\172\166\175}{section.6}% 37
\BOOKMARK [2][-]{subsection.6.4}{\376\377\0006\000.\0004\000\040\143\011\225\356\230\230\133\211\143\222\226\005\213\373\230\172\136\217\116\016\131\015\163\260\143\247\122\066}{section.6}% 38
\BOOKMARK [2][-]{subsection.6.5}{\376\377\0006\000.\0005\000\040\116\244\116\330\145\207\116\366\116\016\124\016\176\355\210\145\121\150\145\207\143\245\123\343}{section.6}% 39
