\BOOKMARK [1][-]{section.1}{\376\377\116\373\122\241\060\001\133\236\163\260\203\003\126\364\116\016\176\323\213\272\217\271\165\114}{}% 1
\BOOKMARK [1][-]{section.2}{\376\377\126\336\137\122\152\041\127\213\116\016\040\034\130\153\145\160\040\035\123\237\133\120}{}% 2
\BOOKMARK [2][-]{subsection.2.1}{\376\377\131\032\127\072\146\157\176\310\172\357\126\336\137\122}{section.2}% 3
\BOOKMARK [2][-]{subsection.2.2}{\376\377\133\371\171\360\127\127\123\237\133\120\116\016\167\351\226\065\122\006\211\343}{section.2}% 4
\BOOKMARK [2][-]{subsection.2.3}{\376\377\000L\000a\000m\000i\000n\000a\000r\000\040\147\141\116\366\123\312\150\021\211\343\221\312}{section.2}% 5
\BOOKMARK [1][-]{section.3}{\376\377\123\125\217\156\174\276\170\156\000\040\000L\0001\040\023\000M\000I\000L\000P}{}% 6
\BOOKMARK [2][-]{subsection.3.1}{\376\377\121\263\173\126\123\330\221\317}{section.3}% 7
\BOOKMARK [2][-]{subsection.3.2}{\376\377\145\057\144\221\116\016\133\120\167\351\226\065\166\204\174\276\170\156\176\277\140\047\123\026}{section.3}% 8
\BOOKMARK [2][-]{subsection.3.3}{\376\377\176\337\116\000\130\153\121\105\120\074\166\204\174\276\170\156\176\277\140\047\123\026}{section.3}% 9
\BOOKMARK [2][-]{subsection.3.4}{\376\377\000L\000a\000m\000i\000n\000a\000r\000\040\116\016\171\201\153\142\221\315\131\015\176\246\147\137}{section.3}% 10
\BOOKMARK [2][-]{subsection.3.5}{\376\377\000F\000u\000l\000l\000y\000-\000c\000o\000r\000r\000e\000c\000t\000i\000v\000e\000\040\230\204\155\113\116\016\000\040\000L\0001\000\040\166\356\150\007}{section.3}% 11
\BOOKMARK [1][-]{section.4}{\376\377\126\372\133\232\145\057\144\221\000\040\000L\000P\000\040\116\016\133\214\145\164\122\115\124\021\173\227\154\325}{}% 12
\BOOKMARK [2][-]{subsection.4.1}{\376\377\126\372\133\232\145\057\144\221\000\040\000L\000P}{section.4}% 13
\BOOKMARK [2][-]{subsection.4.2}{\376\377\173\227\154\325\155\101\172\013}{section.4}% 14
\BOOKMARK [2][-]{subsection.4.3}{\376\377\176\310\153\142\147\141\116\366\116\016\232\214\213\301\220\011\142\351}{section.4}% 15
\BOOKMARK [1][-]{section.5}{\376\377\133\236\163\260\146\040\134\004\116\016\123\357\131\015\163\260\124\175\116\344}{}% 16
\BOOKMARK [2][-]{subsection.5.1}{\376\377\116\343\170\001\176\323\147\204}{section.5}% 17
\BOOKMARK [2][-]{subsection.5.2}{\376\377\163\257\130\203\116\016\142\147\210\114\124\175\116\344}{section.5}% 18
\BOOKMARK [1][-]{section.6}{\376\377\232\214\213\301\230\171\166\356\116\016\173\227\117\213\176\323\147\234}{}% 19
\BOOKMARK [2][-]{subsection.6.1}{\376\377\123\125\121\103\155\113\213\325\211\206\166\326}{section.6}% 20
\BOOKMARK [2][-]{subsection.6.2}{\376\377\000s\000m\000a\000l\000l\0006\000\040\176\323\147\234}{section.6}% 21
\BOOKMARK [2][-]{subsection.6.3}{\376\377\000I\000E\000E\000E\000\040\000c\000a\000s\000e\0003\0003\000\040\155\076\165\037\226\306\142\020\173\227\117\213}{section.6}% 22
\BOOKMARK [1][-]{section.7}{\376\377\000R\000X\0007\0005\040\023\000R\000N\000J\000\040\147\053\172\357\122\006\127\127\116\016\147\011\226\120\120\031\220\011\127\337\000\040\000M\000I\000L\000P\000\040\200\124\124\010}{}% 23
\BOOKMARK [2][-]{subsection.7.1}{\376\377\116\072\117\125\211\201\123\072\122\006\170\154\117\341\140\157\116\016\217\157\120\031\220\011}{section.7}% 24
\BOOKMARK [2][-]{subsection.7.2}{\376\377\133\371\211\322\176\277\230\204\131\004\164\006\116\016\120\031\220\011\127\337\174\276\170\156\140\047}{section.7}% 25
\BOOKMARK [2][-]{subsection.7.3}{\376\377\145\160\143\156\221\115\177\156\116\016\126\333\173\227\117\213\176\323\147\234}{section.7}% 26
\BOOKMARK [1][-]{section.8}{\376\377\116\045\150\074\123\357\213\301\146\016\140\047\217\271\165\114\116\016\135\362\167\345\226\120\122\066}{}% 27
\BOOKMARK [1][-]{section.9}{\376\377\136\372\213\256\166\204\124\016\176\355\142\151\134\125}{}% 28
\BOOKMARK [1][-]{appendix.A}{\376\377\150\070\137\303\117\060\213\241\126\150\133\214\145\164\156\220\170\001}{}% 29
\BOOKMARK [1][-]{appendix.B}{\376\377\123\125\121\103\155\113\213\325\133\214\145\164\156\220\170\001}{}% 30
\BOOKMARK [1][-]{appendix.C}{\376\377\000s\000m\000a\000l\000l\0006\000\040\173\227\117\213\232\161\122\250\133\214\145\164\156\220\170\001}{}% 31
\BOOKMARK [1][-]{appendix.D}{\376\377\000c\000a\000s\000e\0003\0003\000\040\226\306\142\020\173\227\117\213\232\161\122\250\133\214\145\164\156\220\170\001}{}% 32
\BOOKMARK [1][-]{appendix.E}{\376\377\133\236\155\113\176\323\147\234\210\150\165\037\142\020\126\150\133\214\145\164\156\220\170\001}{}% 33
\BOOKMARK [1][-]{appendix.F}{\376\377\000R\000X\0007\0005\040\023\000R\000N\000J\000\040\200\124\124\010\173\227\117\213\232\161\122\250\133\214\145\164\156\220\170\001}{}% 34
\BOOKMARK [1][-]{appendix.G}{\376\377\000R\000X\0007\0005\040\023\000R\000N\000J\000\040\200\124\124\010\126\336\137\122\155\113\213\325\133\214\145\164\156\220\170\001}{}% 35
