\BOOKMARK [1][-]{section.1}{\376\377\225\356\230\230\133\232\116\111\116\016\133\236\163\260\217\271\165\114}{}% 1
\BOOKMARK [2][-]{subsection.1.1}{\376\377\116\045\150\074\147\053\172\357\221\317\155\113\127\072\146\157}{section.1}% 2
\BOOKMARK [2][-]{subsection.1.2}{\376\377\137\123\122\115\116\073\176\277\116\016\227\136\116\073\176\277\145\271\154\325}{section.1}% 3
\BOOKMARK [2][-]{subsection.1.3}{\376\377\145\160\143\156\165\037\142\020\116\016\126\152\130\360\176\246\133\232}{section.1}% 4
\BOOKMARK [1][-]{section.2}{\376\377\116\316\116\244\155\101\221\317\155\113\122\060\226\073\142\227\215\335\171\273}{}% 5
\BOOKMARK [2][-]{subsection.2.1}{\376\377\150\071\202\202\160\271\123\302\200\003\166\204\165\065\123\213\136\105\120\074\136\163\145\271\152\041\127\213}{section.2}% 6
\BOOKMARK [2][-]{subsection.2.2}{\376\377\131\032\127\072\146\157\162\151\164\006\176\246\147\137\117\060\213\241}{section.2}% 7
\BOOKMARK [2][-]{subsection.2.3}{\376\377\122\240\140\047\215\335\171\273}{section.2}% 8
\BOOKMARK [1][-]{section.3}{\376\377\135\362\167\345\150\071\176\246\147\137\166\204\226\220\205\317\150\021\165\037\142\020}{}% 9
\BOOKMARK [2][-]{subsection.3.1}{\376\377\166\364\143\245\121\161\116\253\215\357\137\204\122\006\145\160}{section.3}% 10
\BOOKMARK [2][-]{subsection.3.2}{\376\377\000R\000N\000J\000\040\220\022\137\122}{section.3}% 11
\BOOKMARK [2][-]{subsection.3.3}{\376\377\150\071\202\202\160\271\117\335\213\301}{section.3}% 12
\BOOKMARK [2][-]{subsection.3.4}{\376\377\123\357\140\142\131\015\140\047\166\204\137\305\211\201\217\271\165\114}{section.3}% 13
\BOOKMARK [1][-]{section.4}{\376\377\172\063\133\232\217\271\145\066\177\051\116\016\116\000\134\102\000\040\000p\000s\000e\000u\000d\000o\000\040\116\073\136\162\221\315\217\250\213\306}{}% 14
\BOOKMARK [2][-]{subsection.4.1}{\376\377\116\345\135\362\147\011\126\152\130\360\145\160\143\156\116\072\127\372\121\306\166\204\172\063\133\232\140\047}{section.4}% 15
\BOOKMARK [2][-]{subsection.4.2}{\376\377\000p\000s\000e\000u\000d\000o\000\040\202\202\160\271\166\204\122\237\163\207\116\016\165\065\123\213}{section.4}% 16
\BOOKMARK [2][-]{subsection.4.3}{\376\377\116\000\134\102\145\066\177\051\155\101\172\013}{section.4}% 17
\BOOKMARK [2][-]{subsection.4.4}{\376\377\117\052\116\343\170\001}{section.4}% 18
\BOOKMARK [1][-]{section.5}{\376\377\213\304\116\367\143\007\150\007\116\016\124\010\142\020\173\227\117\213\176\323\213\272}{}% 19
\BOOKMARK [2][-]{subsection.5.1}{\376\377\000r\000o\000o\000t\000e\000d\000-\000c\000l\000a\000d\000e\000\040\000F\0001}{section.5}% 20
\BOOKMARK [2][-]{subsection.5.2}{\376\377\137\123\122\115\131\047\211\304\152\041\176\323\147\234}{section.5}% 21
\BOOKMARK [2][-]{subsection.5.3}{\376\377\116\073\211\201\213\357\135\356\147\145\156\220}{section.5}% 22
\BOOKMARK [2][-]{subsection.5.4}{\376\377\000R\000N\000J\000\040\122\115\124\016\166\204\225\031\213\357\123\072\127\337\123\330\123\026}{section.5}% 23
\BOOKMARK [1][-]{section.6}{\376\377\121\154\137\000\167\037\133\236\145\160\143\156\214\003\170\024\116\016\231\226\153\041\217\250\213\306}{}% 24
\BOOKMARK [2][-]{subsection.6.1}{\376\377\145\160\143\156\156\220\173\133\220\011}{section.6}% 25
\BOOKMARK [2][-]{subsection.6.2}{\376\377\143\052\132\001\145\160\143\156\166\204\220\002\221\115}{section.6}% 26
\BOOKMARK [2][-]{subsection.6.3}{\376\377\123\112\133\236\213\301\221\317\155\113\147\204\220\040}{section.6}% 27
\BOOKMARK [2][-]{subsection.6.4}{\376\377\226\366\226\073\142\227\000\040\000c\000l\000a\000d\000e\000\040\116\016\123\357\217\250\213\306\167\037\120\074}{section.6}% 28
\BOOKMARK [2][-]{subsection.6.5}{\376\377\231\226\153\041\176\323\147\234}{section.6}% 29
\BOOKMARK [1][-]{section.7}{\376\377\116\013\116\000\226\066\153\265\142\200\147\057\215\357\176\277}{}% 30
\BOOKMARK [2][-]{subsection.7.1}{\376\377\224\210\133\371\167\037\133\236\000\040\000A\000M\000I\000\040\166\204\117\030\121\110\145\071\217\333}{section.7}% 31
\BOOKMARK [2][-]{subsection.7.2}{\376\377\167\037\133\236\145\160\143\156\142\151\134\125\230\172\136\217}{section.7}% 32
\BOOKMARK [2][-]{subsection.7.3}{\376\377\131\015\163\260\133\236\232\214\124\175\116\344}{section.7}% 33
\BOOKMARK [2][-]{subsection.7.4}{\376\377\137\123\122\115\176\323\213\272}{section.7}% 34
