\BOOKMARK [0][-]{chapter*.1}{\376\377\131\202\117\125\117\177\165\050\147\054\116\146\377\014\116\345\123\312\145\347\172\077\146\057\124\046\133\214\125\204}{}% 1
\BOOKMARK [0][-]{chapter.1}{\376\377\173\054\116\000\172\340\000\040\000\040\121\161\124\014\127\372\170\100\377\032\116\316\221\115\165\065\177\121\122\060\123\357\133\146\116\140\166\204\145\160\133\146\133\371\214\141}{}% 2
\BOOKMARK [1][-]{section.1.1}{\376\377\0001\000.\0001\000\040\121\110\126\372\133\232\116\373\122\241\060\001\173\046\123\367\124\214\123\125\117\115}{chapter.1}% 3
\BOOKMARK [1][-]{section.1.2}{\376\377\0001\000.\0002\000\040\116\316\145\057\215\357\123\213\226\115\143\250\133\374\121\161\124\014\215\357\137\204\167\351\226\065}{chapter.1}% 4
\BOOKMARK [1][-]{section.1.3}{\376\377\0001\000.\0003\000\040\147\000\134\017\116\214\116\130\172\166\172\337\213\306\122\053\116\300\116\110}{chapter.1}% 5
\BOOKMARK [1][-]{section.1.4}{\376\377\0001\000.\0004\000\040\116\316\121\161\124\014\215\357\137\204\167\351\226\065\122\060\122\240\140\047\150\021\215\335\171\273}{chapter.1}% 6
\BOOKMARK [1][-]{section.1.5}{\376\377\0001\000.\0005\000\040\226\220\205\317\202\202\160\271\377\032\000K\000r\000o\000n\167\351\226\065\116\016\162\151\164\006\220\273\143\245\166\204\123\072\122\053}{chapter.1}% 7
\BOOKMARK [1][-]{section.1.6}{\376\377\0001\000.\0006\000\040\215\057\172\177\124\004\172\340\166\204\116\011\147\141\150\300\147\345\176\277}{chapter.1}% 8
\BOOKMARK [0][-]{chapter.2}{\376\377\173\054\116\214\172\340\000\040\000\040\210\253\122\250\221\317\155\113\116\016\226\220\205\317\150\021\377\032\000S\0001\040\023\000S\0004}{}% 9
\BOOKMARK [1][-]{section.2.1}{\376\377\0002\000.\0001\000\040\000S\0001\377\032\121\110\220\011\142\351\123\357\213\306\122\053\166\204\133\371\214\141\377\014\121\215\220\011\142\351\173\227\154\325}{chapter.2}% 10
\BOOKMARK [2][-]{subsection.2.1.1}{\376\377\0002\000.\0001\000.\0001\000\040\145\131\172\013\166\204\211\322\202\162\124\214\145\271\154\325\143\245\123\343}{section.2.1}% 11
\BOOKMARK [2][-]{subsection.2.1.2}{\376\377\0002\000.\0001\000.\0002\000\040\121\154\121\161\152\041\127\127\000A\377\032\121\150\202\202\160\271\166\370\221\317\126\336\137\122}{section.2.1}% 12
\BOOKMARK [2][-]{subsection.2.1.3}{\376\377\0002\000.\0001\000.\0003\000\040\121\154\121\161\152\041\127\127\000B\377\032\116\072\116\300\116\110\165\065\123\213\166\370\121\163\140\047\117\032\155\367\124\010\116\044\171\315\147\072\122\066}{section.2.1}% 13
\BOOKMARK [1][-]{section.2.2}{\376\377\0002\000.\0002\000\040\000S\0002\377\032\147\053\172\357\000P\000/\000Q\000/\000V\200\124\124\010\117\060\213\241\215\357\176\277\116\016\166\356\122\115\166\204\213\301\143\156\177\072\123\343}{chapter.2}% 14
\BOOKMARK [2][-]{subsection.2.2.1}{\376\377\0002\000.\0002\000.\0001\000\040\124\352\116\233\121\205\133\271\200\375\131\037\137\122\116\216\123\237\213\272\145\207}{section.2.2}% 15
\BOOKMARK [2][-]{subsection.2.2.2}{\376\377\0002\000.\0002\000.\0002\000\040\200\314\146\157\152\041\127\127\0001\377\032\217\336\176\355\167\351\226\065\166\204\121\370\117\060\213\241}{section.2.2}% 16
\BOOKMARK [2][-]{subsection.2.2.3}{\376\377\0002\000.\0002\000.\0003\000\040\200\314\146\157\152\041\127\127\0002\377\032\215\335\171\273\122\006\176\304\116\016\120\031\220\011\176\323\147\204}{section.2.2}% 17
\BOOKMARK [2][-]{subsection.2.2.4}{\376\377\0002\000.\0002\000.\0004\000\040\200\314\146\157\152\041\127\127\0003\377\032\126\372\133\232\176\323\147\204\116\012\166\204\227\136\176\277\140\047\123\302\145\160\117\356\153\143}{section.2.2}% 18
\BOOKMARK [2][-]{subsection.2.2.5}{\376\377\0002\000.\0002\000.\0005\000\040\133\214\145\164\131\015\163\260\116\315\177\072\124\352\116\233\116\015\123\357\167\001\165\145\166\204\143\245\123\343}{section.2.2}% 19
\BOOKMARK [1][-]{section.2.3}{\376\377\0002\000.\0003\000\040\000S\0003\377\032\116\011\166\370\165\065\155\101\160\165\145\117\136\246\060\001\220\022\137\122\122\006\176\304\116\016\126\336\156\257\220\011\150\021}{chapter.2}% 20
\BOOKMARK [2][-]{subsection.2.3.1}{\376\377\0002\000.\0003\000.\0001\000\040\145\164\117\123\213\241\173\227\126\376\116\016\217\223\121\145\217\223\121\372}{section.2.3}% 21
\BOOKMARK [2][-]{subsection.2.3.2}{\376\377\0002\000.\0003\000.\0002\000\040\153\145\232\244\116\000\377\032\165\061\146\172\200\375\210\150\220\032\220\123\147\204\220\040\217\321\117\074\131\015\165\065\155\101}{section.2.3}% 22
\BOOKMARK [2][-]{subsection.2.3.3}{\376\377\0002\000.\0003\000.\0003\000\040\153\145\232\244\116\214\377\032\142\225\137\161\152\041\127\213\140\016\150\067\137\142\142\020\133\236\116\214\153\041\211\304\122\022}{section.2.3}% 23
\BOOKMARK [2][-]{subsection.2.3.4}{\376\377\0002\000.\0003\000.\0004\000\040\153\145\232\244\116\011\377\032\137\227\122\060\220\002\124\010\122\006\176\304\166\204\121\161\124\014\226\073\142\227\116\016\215\335\171\273}{section.2.3}% 24
\BOOKMARK [2][-]{subsection.2.3.5}{\376\377\0002\000.\0003\000.\0005\000\040\153\145\232\244\126\333\377\032\123\237\145\207\213\304\122\006\060\001\120\031\220\011\150\010\124\214\126\336\156\257}{section.2.3}% 25
\BOOKMARK [2][-]{subsection.2.3.6}{\376\377\0002\000.\0003\000.\0006\000\040\142\113\173\227\133\214\145\164\122\006\176\304\377\032\116\316\126\333\116\052\172\357\160\271\140\142\131\015\116\044\134\102\226\220\205\317\122\006\123\311}{section.2.3}% 26
\BOOKMARK [2][-]{subsection.2.3.7}{\376\377\0002\000.\0003\000.\0007\000\040\153\145\232\244\116\224\377\032\133\371\133\214\145\164\120\031\220\011\213\304\122\006\123\312\116\343\116\367\211\343\221\312}{section.2.3}% 27
\BOOKMARK [2][-]{subsection.2.3.8}{\376\377\0002\000.\0003\000.\0008\000\040\117\335\213\301\116\016\220\002\165\050\203\003\126\364\145\076\127\050\173\227\154\325\116\113\124\016\164\006\211\343}{section.2.3}% 28
\BOOKMARK [1][-]{section.2.4}{\376\377\0002\000.\0004\000\040\000S\0004\377\032\157\134\150\021\060\001\000E\000M\124\214\000B\000I\000C\166\204\145\131\147\120\143\250\133\374}{chapter.2}% 29
\BOOKMARK [2][-]{subsection.2.4.1}{\376\377\0002\000.\0004\000.\0001\000\040\147\145\156\220\203\003\126\364\116\016\121\161\124\014\151\202\163\207\147\072\122\066}{section.2.4}% 30
\BOOKMARK [2][-]{subsection.2.4.2}{\376\377\0002\000.\0004\000.\0002\000\040\126\372\133\232\176\323\147\204\116\013\166\204\000E\000M\377\032\116\072\117\125\227\000\211\201\147\141\116\366\145\271\135\356}{section.2.4}% 31
\BOOKMARK [2][-]{subsection.2.4.3}{\376\377\0002\000.\0004\000.\0003\000\040\116\072\116\300\116\110\117\074\161\066\116\015\116\013\226\115\377\014\117\106\116\315\123\357\200\375\145\066\145\133\122\060\134\100\220\350\211\343}{section.2.4}% 32
\BOOKMARK [2][-]{subsection.2.4.4}{\376\377\0002\000.\0004\000.\0004\000\040\000B\000I\000C\166\204\145\160\120\074\124\053\116\111\116\016\213\241\173\227\142\020\147\054}{section.2.4}% 33
\BOOKMARK [2][-]{subsection.2.4.5}{\376\377\0002\000.\0004\000.\0005\000\040\000E\000M\116\016\226\220\205\317\162\151\164\006\176\323\147\204\166\204\217\271\165\114}{section.2.4}% 34
\BOOKMARK [0][-]{chapter.3}{\376\377\173\054\116\011\172\340\000\040\000\040\116\316\131\032\116\052\122\044\145\255\122\060\123\357\133\241\147\345\213\301\143\156\377\032\150\007\173\176\207\215\124\010\060\001\221\317\123\026\213\357\135\356\116\016\163\260\127\072\150\070\232\214}{}% 35
\BOOKMARK [1][-]{section.3.1}{\376\377\0003\000.\0001\000\040\000S\0005\377\032\121\110\133\146\116\140\153\317\116\052\150\007\173\176\156\220\140\016\150\067\162\257\225\031\377\014\121\215\217\333\210\114\213\301\143\156\207\215\124\010}{chapter.3}% 36
\BOOKMARK [2][-]{subsection.3.1.1}{\376\377\0003\000.\0001\000.\0001\000\040\225\356\230\230\166\364\211\311\116\016\217\223\121\145\217\223\121\372}{section.3.1}% 37
\BOOKMARK [2][-]{subsection.3.1.2}{\376\377\0003\000.\0001\000.\0002\000\040\173\054\116\000\134\102\377\032\000E\000M\000\040\133\146\116\140\156\220\166\204\155\367\155\306\167\351\226\065}{section.3.1}% 38
\BOOKMARK [2][-]{subsection.3.1.3}{\376\377\0003\000.\0001\000.\0003\000\040\173\054\116\214\134\102\377\032\142\212\116\015\170\156\133\232\140\047\124\214\177\072\155\113\145\076\217\333\147\052\167\345\215\050\221\317}{section.3.1}% 39
\BOOKMARK [2][-]{subsection.3.1.4}{\376\377\0003\000.\0001\000.\0004\000\040\173\054\116\011\134\102\377\032\121\262\172\201\225\350\143\247\116\016\147\000\176\310\121\263\173\126}{section.3.1}% 40
\BOOKMARK [2][-]{subsection.3.1.5}{\376\377\0003\000.\0001\000.\0005\000\040\116\000\116\375\123\357\116\345\142\113\173\227\122\060\147\000\176\310\122\006\145\160\166\204\145\131\133\146\117\213\133\120}{section.3.1}% 41
\BOOKMARK [2][-]{subsection.3.1.6}{\376\377\0003\000.\0001\000.\0006\000\040\120\134\153\142\060\001\142\020\147\054\060\001\117\335\213\301\116\016\163\260\127\072\203\003\126\364}{section.3.1}% 42
\BOOKMARK [1][-]{section.3.2}{\376\377\0003\000.\0002\000\040\000S\0006\377\032\121\161\137\142\230\204\155\113\213\272\145\207\166\204\135\362\167\345\213\260\137\125\116\016\134\032\147\052\225\355\124\010\166\204\173\227\154\325\143\245\123\343}{chapter.3}% 43
\BOOKMARK [2][-]{subsection.3.2.1}{\376\377\0003\000.\0002\000.\0001\000\040\116\072\116\300\116\110\230\230\124\015\116\015\215\263\116\345\131\015\163\260\116\000\116\052\173\227\154\325}{section.3.2}% 44
\BOOKMARK [2][-]{subsection.3.2.2}{\376\377\0003\000.\0002\000.\0002\000\040\162\354\172\313\145\131\133\146\143\245\123\343\377\032\116\000\176\304\122\006\145\160\140\016\150\067\123\330\142\020\226\306\124\010}{section.3.2}% 45
\BOOKMARK [1][-]{section.3.3}{\376\377\0003\000.\0003\000\040\000S\0007\377\032\116\316\221\317\123\026\213\373\145\160\122\060\172\000\165\217\123\302\145\160\213\357\135\356\377\014\121\215\122\060\217\271\145\057\143\001}{chapter.3}% 46
\BOOKMARK [2][-]{subsection.3.3.1}{\376\377\0003\000.\0003\000.\0001\000\040\166\364\211\311\060\001\217\223\121\145\217\223\121\372\116\016\121\150\221\317\155\113\152\041\127\213}{section.3.3}% 47
\BOOKMARK [2][-]{subsection.3.3.2}{\376\377\0003\000.\0003\000.\0002\000\040\221\317\123\026\152\041\127\213\124\214\000\040\000o\000r\000a\000c\000l\000e\000\040\123\112\137\204}{section.3.3}% 48
\BOOKMARK [2][-]{subsection.3.3.3}{\376\377\0003\000.\0003\000.\0003\000\040\145\131\133\146\154\102\211\343\126\150\377\032\142\225\137\161\150\257\136\246\154\325\124\214\000\040\000l\0001\000\040\164\003\142\225\137\161}{section.3.3}% 49
\BOOKMARK [2][-]{subsection.3.3.4}{\376\377\0003\000.\0003\000.\0004\000\040\116\044\202\202\160\271\060\001\116\011\120\031\220\011\217\271\377\032\116\316\221\317\123\026\122\060\147\000\117\030\211\343\166\204\133\214\145\164\117\213\133\120}{section.3.3}% 50
\BOOKMARK [2][-]{subsection.3.3.5}{\376\377\0003\000.\0003\000.\0005\000\040\140\016\150\067\116\316\213\357\135\356\165\114\143\250\122\060\217\271\145\057\143\001\377\014\124\352\116\233\147\141\116\366\217\330\211\201\150\300\147\345}{section.3.3}% 51
\BOOKMARK [1][-]{section.3.4}{\376\377\0003\000.\0004\000\040\000S\0008\377\032\165\050\123\302\200\003\165\065\123\213\060\001\166\370\121\163\226\010\120\074\116\016\220\273\217\321\231\210\176\277\144\034\175\042\117\356\213\242\150\143\150\110}{chapter.3}% 52
\BOOKMARK [2][-]{subsection.3.4.1}{\376\377\0003\000.\0004\000.\0001\000\040\166\364\211\311\060\001\221\317\155\113\124\214\217\223\121\372}{section.3.4}% 53
\BOOKMARK [2][-]{subsection.3.4.2}{\376\377\0003\000.\0004\000.\0002\000\040\123\302\200\003\220\011\123\326\060\001\230\204\131\004\164\006\124\214\123\071\221\115\211\304\122\031}{section.3.4}% 54
\BOOKMARK [2][-]{subsection.3.4.3}{\376\377\0003\000.\0004\000.\0003\000\040\123\005\124\053\123\302\200\003\220\011\142\351\124\214\215\350\231\210\176\277\226\010\120\074\166\204\145\131\133\146\117\213\133\120}{section.3.4}% 55
\BOOKMARK [2][-]{subsection.3.4.4}{\376\377\0003\000.\0004\000.\0004\000\040\120\134\153\142\147\141\116\366\060\001\142\020\147\054\124\214\133\241\147\345}{section.3.4}% 56
\BOOKMARK [1][-]{section.3.5}{\376\377\0003\000.\0005\000\040\000S\0009\377\032\142\212\162\266\140\001\117\060\213\241\153\213\135\356\123\330\142\020\133\232\117\115\176\277\175\042\377\014\121\215\217\333\210\114\116\272\135\345\150\070\232\214}{chapter.3}% 57
\BOOKMARK [2][-]{subsection.3.5.1}{\376\377\0003\000.\0005\000.\0001\000\040\225\356\230\230\060\001\162\266\140\001\116\016\153\213\135\356}{section.3.5}% 58
\BOOKMARK [2][-]{subsection.3.5.2}{\376\377\0003\000.\0005\000.\0002\000\040\000W\000L\000S\000\040\166\204\123\357\142\147\210\114\145\131\133\146\145\164\164\006}{section.3.5}% 59
\BOOKMARK [2][-]{subsection.3.5.3}{\376\377\0003\000.\0005\000.\0003\000\040\116\000\176\304\153\213\135\356\140\016\150\067\143\007\124\021\121\161\124\014\120\117\171\373}{section.3.5}% 60
\BOOKMARK [2][-]{subsection.3.5.4}{\376\377\0003\000.\0005\000.\0004\000\040\153\213\135\356\166\204\176\337\213\241\124\053\116\111\116\016\145\271\154\325\217\271\165\114}{section.3.5}% 61
\BOOKMARK [0][-]{chapter.4}{\376\377\173\054\126\333\172\340\000\040\000\040\116\073\122\250\143\242\155\113\173\227\154\325\377\032\116\316\123\357\143\247\217\223\121\145\122\060\150\021\176\323\147\204\124\214\172\357\123\343\152\041\127\213}{}% 62
\BOOKMARK [1][-]{section.4.1}{\376\377\0004\000.\0001\000\040\147\054\172\340\215\357\176\277\116\016\121\161\124\014\133\236\232\214\152\041\127\213}{chapter.4}% 63
\BOOKMARK [2][-]{subsection.4.1.1}{\376\377\0004\000.\0001\000.\0001\000\040\227\131\140\001\143\242\155\113\166\204\173\046\123\367\060\001\176\364\136\246\116\016\137\122\116\000\123\026}{section.4.1}% 64
\BOOKMARK [1][-]{section.4.2}{\376\377\0004\000.\0002\000\040\000S\0001\0002\377\032\121\110\142\176\165\065\123\213\124\315\136\224\166\204\134\102\377\014\121\215\220\022\137\122\142\176\171\126\121\110}{chapter.4}% 65
\BOOKMARK [2][-]{subsection.4.2.1}{\376\377\0004\000.\0002\000.\0001\000\040\211\201\211\343\121\263\166\204\225\356\230\230\116\016\173\227\154\325\122\006\211\343}{section.4.2}% 66
\BOOKMARK [2][-]{subsection.4.2.2}{\376\377\0004\000.\0002\000.\0002\000\040\134\102\226\306\124\010\377\032\116\000\122\027\145\160\116\072\116\300\116\110\123\357\116\345\123\330\142\020\150\021\116\012\166\204\122\006\123\072}{section.4.2}% 67
\BOOKMARK [2][-]{subsection.4.2.3}{\376\377\0004\000.\0002\000.\0003\000\040\121\150\155\113\123\213\220\022\137\122\377\032\116\244\226\306\133\232\117\115\377\014\135\356\120\074\133\232\147\103\377\014\122\006\176\304\116\013\224\273}{section.4.2}% 68
\BOOKMARK [2][-]{subsection.4.2.4}{\376\377\0004\000.\0002\000.\0004\000\040\123\352\155\113\143\242\155\113\160\271\377\032\131\202\117\125\122\033\136\372\200\014\116\015\146\057\133\232\117\115\226\220\205\317\171\126\121\110}{section.4.2}% 69
\BOOKMARK [2][-]{subsection.4.2.5}{\376\377\0004\000.\0002\000.\0005\000\040\120\134\153\142\060\001\213\241\173\227\221\317\116\016\147\054\202\202\147\053\134\076\166\204\142\020\172\313\147\141\116\366}{section.4.2}% 70
\BOOKMARK [1][-]{section.4.3}{\376\377\0004\000.\0003\000\040\000S\0001\0003\377\032\142\212\040\034\147\232\116\076\150\021\136\166\142\337\124\010\040\035\121\231\142\020\000M\000I\000L\000P}{chapter.4}% 71
\BOOKMARK [2][-]{subsection.4.3.1}{\376\377\0004\000.\0003\000.\0001\000\040\225\356\230\230\060\001\145\160\143\156\116\016\147\000\134\017\116\214\116\130\166\204\147\052\167\345\221\317}{section.4.3}% 72
\BOOKMARK [2][-]{subsection.4.3.2}{\376\377\0004\000.\0003\000.\0002\000\040\165\061\220\011\217\271\124\021\221\317\146\377\116\343\143\007\145\160\131\032\166\204\150\021\175\042\137\025}{section.4.3}% 73
\BOOKMARK [2][-]{subsection.4.3.3}{\376\377\0004\000.\0003\000.\0003\000\040\133\214\145\164\122\027\121\372\116\214\120\074\116\130\171\357\116\016\127\372\170\100\220\011\217\271\176\246\147\137}{section.4.3}% 74
\BOOKMARK [2][-]{subsection.4.3.4}{\376\377\0004\000.\0003\000.\0004\000\040\173\054\116\214\116\052\152\041\127\213\131\202\117\125\176\246\147\137\150\021\176\323\147\204}{section.4.3}% 75
\BOOKMARK [2][-]{subsection.4.3.5}{\376\377\0004\000.\0003\000.\0005\000\040\120\134\153\142\060\001\213\241\173\227\142\020\147\054\116\016\142\020\172\313\217\271\165\114}{section.4.3}% 76
\BOOKMARK [1][-]{section.4.4}{\376\377\0004\000.\0004\000\040\000P\0001\377\032\116\345\126\333\116\052\167\351\226\065\122\157\147\054\133\236\163\260\142\311\146\156\142\311\145\257\121\370\117\060\213\241}{chapter.4}% 77
\BOOKMARK [2][-]{subsection.4.4.1}{\376\377\0004\000.\0004\000.\0001\000\040\123\237\225\356\230\230\124\214\121\370\166\356\150\007\124\004\201\352\211\201\154\102\116\300\116\110}{section.4.4}% 78
\BOOKMARK [2][-]{subsection.4.4.2}{\376\377\0004\000.\0004\000.\0002\000\040\126\333\122\157\147\054\122\006\210\302\377\032\153\317\116\052\126\360\226\276\165\061\116\000\116\052\173\200\123\125\173\227\133\120\215\037\215\043}{section.4.4}% 79
\BOOKMARK [2][-]{subsection.4.4.3}{\376\377\0004\000.\0004\000.\0003\000\040\220\020\230\171\143\250\121\372\126\333\116\052\146\364\145\260}{section.4.4}% 80
\BOOKMARK [2][-]{subsection.4.4.4}{\376\377\0004\000.\0004\000.\0004\000\040\131\202\117\125\142\212\217\336\176\355\117\060\213\241\217\154\116\072\150\021}{section.4.4}% 81
\BOOKMARK [2][-]{subsection.4.4.5}{\376\377\0004\000.\0004\000.\0005\000\040\000P\0001\166\204\123\346\116\000\122\006\145\057\377\032\135\362\167\345\165\065\226\073\145\366\377\014\165\050\000P\000G\000D\117\060\213\241\176\277\215\357\162\266\140\001}{section.4.4}% 82
\BOOKMARK [2][-]{subsection.4.4.6}{\376\377\0004\000.\0004\000.\0006\000\040\213\241\173\227\142\020\147\054\116\016\162\110\147\054\060\001\117\335\213\301\142\171\154\350}{section.4.4}% 83
\BOOKMARK [1][-]{section.4.5}{\376\377\0004\000.\0005\000\040\000P\0002\377\032\116\316\162\171\137\201\165\065\155\101\166\204\150\300\155\113\167\351\226\065\122\060\171\126\121\110\121\163\174\373}{chapter.4}% 84
\BOOKMARK [2][-]{subsection.4.5.1}{\376\377\0004\000.\0005\000.\0001\000\040\217\223\121\145\060\001\217\223\121\372\116\016\165\065\155\101\122\006\155\101\152\041\127\213}{section.4.5}% 85
\BOOKMARK [2][-]{subsection.4.5.2}{\376\377\0004\000.\0005\000.\0002\000\040\123\237\145\207\155\101\172\013\116\016\145\131\147\120\166\204\167\351\226\065\176\246\133\232}{section.4.5}% 86
\BOOKMARK [2][-]{subsection.4.5.3}{\376\377\0004\000.\0005\000.\0003\000\040\120\134\153\142\060\001\142\020\147\054\116\016\152\041\127\213\217\271\165\114}{section.4.5}% 87
\BOOKMARK [1][-]{section.4.6}{\376\377\0004\000.\0006\000\040\000P\0003\377\032\121\110\143\247\122\066\232\330\230\221\117\341\123\367\145\271\124\021\377\014\121\215\213\373\137\122\134\136\124\214\145\366\136\366}{chapter.4}% 88
\BOOKMARK [2][-]{subsection.4.6.1}{\376\377\0004\000.\0006\000.\0001\000\040\116\072\116\300\116\110\227\000\211\201\122\006\136\003\123\302\145\160\200\014\227\136\227\131\140\001\165\065\226\073\167\351\226\065}{section.4.6}% 89
\BOOKMARK [2][-]{subsection.4.6.2}{\376\377\0004\000.\0006\000.\0002\000\040\123\237\145\207\144\315\117\134\230\172\136\217\116\016\123\357\142\147\210\114\166\204\145\160\143\156\145\164\164\006}{section.4.6}% 90
\BOOKMARK [2][-]{subsection.4.6.3}{\376\377\0004\000.\0006\000.\0003\000\040\120\134\153\142\060\001\142\020\147\054\116\016\147\054\202\202\147\053\134\076\166\204\162\151\164\006\142\171\154\350}{section.4.6}% 91
\BOOKMARK [1][-]{section.4.7}{\376\377\0004\000.\0007\000\040\000P\0004\377\032\147\011\177\072\131\061\213\260\137\125\145\366\377\014\131\202\117\125\116\316\162\171\137\201\226\306\124\010\145\164\164\006\117\233\165\065\121\163\174\373}{chapter.4}% 92
\BOOKMARK [2][-]{subsection.4.7.1}{\376\377\0004\000.\0007\000.\0001\000\040\225\356\230\230\060\001\217\223\121\145\116\016\217\223\121\372}{section.4.7}% 93
\BOOKMARK [2][-]{subsection.4.7.2}{\376\377\0004\000.\0007\000.\0002\000\040\173\054\116\000\153\145\377\032\140\142\131\015\201\352\216\253\213\260\137\125\377\014\121\215\120\132\176\265\124\021\210\145\121\150}{section.4.7}% 94
\BOOKMARK [2][-]{subsection.4.7.3}{\376\377\0004\000.\0007\000.\0003\000\040\173\054\116\214\153\145\377\032\152\052\124\021\124\010\136\166\116\244\123\340\213\260\137\125\377\014\136\166\117\335\165\131\145\271\124\021\153\147\116\111}{section.4.7}% 95
\BOOKMARK [2][-]{subsection.4.7.4}{\376\377\0004\000.\0007\000.\0004\000\040\173\054\116\011\153\145\377\032\165\061\226\306\124\010\123\005\124\053\121\163\174\373\165\037\142\020\122\006\145\057}{section.4.7}% 96
\BOOKMARK [2][-]{subsection.4.7.5}{\376\377\0004\000.\0007\000.\0005\000\040\120\134\153\142\060\001\142\020\147\054\124\214\213\301\143\156\217\271\165\114}{section.4.7}% 97
\BOOKMARK [1][-]{section.4.8}{\376\377\0004\000.\0008\000\040\000P\0005\377\032\201\011\121\262\123\213\177\051\060\001\000E\000R\000A\000\040\116\016\122\250\140\001\172\357\123\343\152\041\127\213}{chapter.4}% 98
\BOOKMARK [2][-]{subsection.4.8.1}{\376\377\0004\000.\0008\000.\0001\000\040\225\356\230\230\060\001\217\223\121\145\116\016\217\223\121\372}{section.4.8}% 99
\BOOKMARK [2][-]{subsection.4.8.2}{\376\377\0004\000.\0008\000.\0002\000\040\173\054\116\000\153\145\377\032\165\050\225\177\136\217\122\027\171\357\175\057\200\375\221\317\377\014\121\215\165\050\166\370\121\163\123\213\177\051\122\060\167\355\201\011\121\262}{section.4.8}% 100
\BOOKMARK [2][-]{subsection.4.8.3}{\376\377\0004\000.\0008\000.\0003\000\040\173\054\116\214\153\145\377\032\142\212\201\011\121\262\124\315\136\224\143\222\142\020\000\040\000H\000a\000n\000k\000e\000l\000\040\167\351\226\065}{section.4.8}% 101
\BOOKMARK [2][-]{subsection.4.8.4}{\376\377\0004\000.\0008\000.\0004\000\040\173\054\116\011\153\145\377\032\165\061\117\040\220\022\121\375\145\160\137\227\122\060\220\011\133\232\166\204\173\111\145\110\165\065\215\357}{section.4.8}% 102
\BOOKMARK [2][-]{subsection.4.8.5}{\376\377\0004\000.\0008\000.\0005\000\040\142\020\147\054\060\001\133\236\232\214\203\003\126\364\124\214\116\016\142\323\142\121\213\306\122\053\166\204\215\335\171\273}{section.4.8}% 103
\BOOKMARK [1][-]{section.4.9}{\376\377\0004\000.\0009\000\040\147\054\172\340\173\227\154\325\131\202\117\125\210\124\143\245\377\014\116\345\123\312\213\373\200\005\136\224\116\244\116\330\116\300\116\110}{chapter.4}% 104
\BOOKMARK [0][-]{chapter.5}{\376\377\173\054\116\224\172\340\000\040\000\040\120\031\220\011\150\021\116\012\166\204\117\341\137\365\060\001\177\156\117\341\226\306\124\010\116\016\230\204\155\113\150\041\121\306\377\032\000S\0001\0004\040\023\000S\0001\0007}{}% 105
\BOOKMARK [1][-]{section.5.1}{\376\377\0005\000.\0001\000\040\000S\0001\0004\377\032\116\316\143\137\131\061\121\375\145\160\122\060\123\357\213\241\173\227\166\204\150\021\147\103\221\315}{chapter.5}% 106
\BOOKMARK [2][-]{subsection.5.1.1}{\376\377\0005\000.\0001\000.\0001\000\040\121\110\133\232\116\111\211\201\133\146\116\140\166\204\123\302\145\160\377\014\200\014\116\015\146\057\121\110\220\011\116\000\116\052\151\202\163\207\121\154\137\017}{section.5.1}% 107
\BOOKMARK [2][-]{subsection.5.1.2}{\376\377\0005\000.\0001\000.\0002\000\040\136\177\116\111\124\016\232\214\166\204\123\330\122\006\143\250\133\374}{section.5.1}% 108
\BOOKMARK [2][-]{subsection.5.1.3}{\376\377\0005\000.\0001\000.\0003\000\040\147\011\226\120\123\302\145\160\127\337\116\012\166\204\133\214\145\164\213\241\173\227\377\032\145\131\133\146\123\330\117\123}{section.5.1}% 109
\BOOKMARK [2][-]{subsection.5.1.4}{\376\377\0005\000.\0001\000.\0004\000\040\145\160\120\074\117\213\116\000\377\032\143\137\131\061\131\047\122\060\166\364\143\245\143\007\145\160\116\013\156\242}{section.5.1}% 110
\BOOKMARK [2][-]{subsection.5.1.5}{\376\377\0005\000.\0001\000.\0005\000\040\145\160\120\074\117\213\116\214\377\032\171\357\122\006\116\016\147\000\134\017\143\137\131\061\117\032\220\011\116\015\124\014\166\204\150\021}{section.5.1}% 111
\BOOKMARK [2][-]{subsection.5.1.6}{\376\377\0005\000.\0001\000.\0006\000\040\230\172\136\217\146\364\145\260\060\001\120\134\153\142\116\016\142\020\147\054}{section.5.1}% 112
\BOOKMARK [1][-]{section.5.2}{\376\377\0005\000.\0002\000\040\000S\0001\0005\377\032\165\050\213\255\176\303\230\204\155\113\133\306\136\246\123\315\157\024\220\020\150\021\177\156\117\341\226\306\124\010}{chapter.5}% 113
\BOOKMARK [2][-]{subsection.5.2.1}{\376\377\0005\000.\0002\000.\0001\000\040\116\373\122\241\060\001\217\223\121\145\124\214\217\223\121\372}{section.5.2}% 114
\BOOKMARK [2][-]{subsection.5.2.2}{\376\377\0005\000.\0002\000.\0002\000\040\121\110\147\204\220\040\116\000\116\052\167\037\120\074\131\004\147\037\147\033\116\015\215\205\217\307\116\000\166\204\176\337\213\241\221\317}{section.5.2}% 115
\BOOKMARK [2][-]{subsection.5.2.3}{\376\377\0005\000.\0002\000.\0003\000\040\136\046\154\102\211\343\126\150\165\114\166\204\123\357\133\236\145\275\173\227\154\325\377\032\145\131\133\146\145\164\164\006}{section.5.2}% 116
\BOOKMARK [2][-]{subsection.5.2.4}{\376\377\0005\000.\0002\000.\0004\000\040\133\214\145\164\145\160\120\074\117\213\377\032\116\011\116\052\152\041\127\213\150\007\173\176\060\001\116\000\116\052\127\107\120\074\000\040\000n\000u\000i\000s\000a\000n\000c\000e}{section.5.2}% 117
\BOOKMARK [2][-]{subsection.5.2.5}{\376\377\0005\000.\0002\000.\0005\000\040\147\141\116\366\133\306\136\246\162\110\147\054\131\202\117\125\165\050\116\216\000\040\000P\000/\000Q\000/\000V}{section.5.2}% 118
\BOOKMARK [2][-]{subsection.5.2.6}{\376\377\0005\000.\0002\000.\0006\000\040\120\134\153\142\060\001\142\020\147\054\123\312\117\335\213\301\150\300\147\345}{section.5.2}% 119
\BOOKMARK [1][-]{section.5.3}{\376\377\0005\000.\0003\000\040\000S\0001\0006\377\032\142\212\150\021\142\323\142\121\124\214\217\271\225\177\117\134\116\072\000\040\000M\000C\000M\000C\000\040\166\204\167\037\133\236\162\266\140\001}{chapter.5}% 120
\BOOKMARK [2][-]{subsection.5.3.1}{\376\377\0005\000.\0003\000.\0001\000\040\211\302\155\113\152\041\127\213\116\016\162\266\140\001\377\032\121\110\137\004\156\005\173\227\154\325\127\050\142\275\116\300\116\110}{section.5.3}% 121
\BOOKMARK [2][-]{subsection.5.3.2}{\376\377\0005\000.\0003\000.\0002\000\040\121\110\232\214\116\016\172\063\133\232\117\074\161\066\213\241\173\227}{section.5.3}% 122
\BOOKMARK [2][-]{subsection.5.3.3}{\376\377\0005\000.\0003\000.\0003\000\040\116\000\153\041\142\323\142\121\143\320\213\256\377\032\123\352\145\071\116\000\116\052\121\205\220\350\122\006\210\302}{section.5.3}% 123
\BOOKMARK [2][-]{subsection.5.3.4}{\376\377\0005\000.\0003\000.\0004\000\040\116\000\153\041\217\271\225\177\143\320\213\256\377\032\142\052\145\255\124\016\116\015\200\375\167\001\165\145\143\320\213\256\153\324}{section.5.3}% 124
\BOOKMARK [2][-]{subsection.5.3.5}{\376\377\0005\000.\0003\000.\0005\000\040\116\000\217\156\133\214\145\164\155\101\172\013\377\032\123\237\000\040\000A\000l\000g\000o\000r\000i\000t\000h\000m\000\040\0001\000\040\166\204\123\357\142\147\210\114\145\164\164\006}{section.5.3}% 125
\BOOKMARK [2][-]{subsection.5.3.6}{\376\377\0005\000.\0003\000.\0006\000\040\145\160\120\074\117\213\377\032\116\011\147\053\172\357\150\021\166\204\116\000\153\041\142\323\142\121\143\320\213\256\124\214\116\000\153\041\217\271\225\177\143\320\213\256}{section.5.3}% 126
\BOOKMARK [2][-]{subsection.5.3.7}{\376\377\0005\000.\0003\000.\0007\000\040\140\016\150\067\154\107\140\073\150\067\147\054\060\001\122\044\145\255\230\204\173\227\146\057\124\046\215\263\131\037}{section.5.3}% 127
\BOOKMARK [2][-]{subsection.5.3.8}{\376\377\0005\000.\0003\000.\0008\000\040\127\050\000\040\000T\000o\000p\000o\000\040\116\055\217\301\171\373\145\366\117\335\165\131\124\352\116\233\217\271\165\114}{section.5.3}% 128
\BOOKMARK [1][-]{section.5.4}{\376\377\0005\000.\0004\000\040\000S\0001\0007\377\032\116\316\150\041\121\306\122\006\145\160\122\060\230\204\155\113\226\306\124\010}{chapter.5}% 129
\BOOKMARK [2][-]{subsection.5.4.1}{\376\377\0005\000.\0004\000.\0001\000\040\121\110\220\011\150\067\147\054\123\125\117\115\377\032\116\000\116\052\145\366\122\073\217\330\146\057\116\000\145\164\116\052\177\121\176\334}{section.5.4}% 130
\BOOKMARK [2][-]{subsection.5.4.2}{\376\377\0005\000.\0004\000.\0002\000\040\122\006\117\115\145\160\121\154\137\017\123\312\211\206\166\326\143\250\133\374}{section.5.4}% 131
\BOOKMARK [2][-]{subsection.5.4.3}{\376\377\0005\000.\0004\000.\0003\000\040\133\214\145\164\150\007\121\306\173\227\154\325}{section.5.4}% 132
\BOOKMARK [2][-]{subsection.5.4.4}{\376\377\0005\000.\0004\000.\0004\000\040\145\160\120\074\117\213\116\000\377\032\116\135\116\052\153\213\135\356\137\227\122\060\116\000\116\052\165\065\123\213\123\072\225\364}{section.5.4}% 133
\BOOKMARK [2][-]{subsection.5.4.5}{\376\377\0005\000.\0004\000.\0005\000\040\124\021\221\317\165\065\123\213\377\032\124\014\145\366\211\206\166\326\136\224\145\076\217\333\213\304\122\006\133\232\116\111}{section.5.4}% 134
\BOOKMARK [2][-]{subsection.5.4.6}{\376\377\0005\000.\0004\000.\0006\000\040\145\160\120\074\117\213\116\214\377\032\150\007\173\176\146\057\145\164\150\365\150\021\145\366\140\016\150\067\147\204\220\040\226\306\124\010}{section.5.4}% 135
\BOOKMARK [2][-]{subsection.5.4.7}{\376\377\0005\000.\0004\000.\0007\000\040\120\134\153\142\060\001\142\020\147\054\124\214\145\160\143\156\147\141\116\366}{section.5.4}% 136
\BOOKMARK [1][-]{section.5.5}{\376\377\0005\000.\0005\000\040\126\333\171\315\173\227\154\325\140\016\150\067\210\124\143\245\200\014\116\015\155\367\155\306}{chapter.5}% 137
\BOOKMARK [0][-]{chapter.6}{\376\377\173\054\121\155\172\340\000\040\000\040\116\316\165\065\210\150\124\315\136\224\122\060\217\320\210\114\123\005\176\334\377\032\126\333\176\277\126\336\137\122\060\001\122\006\221\115\116\016\145\164\166\322\123\357\210\114\140\047}{}% 138
\BOOKMARK [1][-]{section.6.1}{\376\377\0006\000.\0001\000\040\000S\0001\0000\377\032\126\333\176\277\152\041\127\213\140\016\150\067\123\330\142\020\123\357\165\061\165\065\210\150\117\060\213\241\166\204\165\065\123\213\160\165\145\117\136\246}{chapter.6}% 139
\BOOKMARK [2][-]{subsection.6.1.1}{\376\377\0006\000.\0001\000.\0001\000\040\225\356\230\230\166\364\211\311\116\016\217\223\121\145\217\223\121\372}{section.6.1}% 140
\BOOKMARK [2][-]{subsection.6.1.2}{\376\377\0006\000.\0001\000.\0002\000\040\126\333\176\277\165\065\154\024\121\163\174\373\377\032\116\055\140\047\176\277\155\210\121\103\122\060\136\225\155\210\123\273\116\206\116\300\116\110}{section.6.1}% 141
\BOOKMARK [2][-]{subsection.6.1.3}{\376\377\0006\000.\0001\000.\0003\000\040\116\316\131\015\165\065\123\213\122\060\136\105\120\074\166\204\000\040\000P\060\001\000Q\000\040\174\373\145\160}{section.6.1}% 142
\BOOKMARK [2][-]{subsection.6.1.4}{\376\377\0006\000.\0001\000.\0004\000\040\126\336\137\122\377\032\121\110\150\300\147\345\200\375\124\046\213\306\122\053\377\014\121\215\211\343\221\312\174\373\145\160}{section.6.1}% 143
\BOOKMARK [2][-]{subsection.6.1.5}{\376\377\0006\000.\0001\000.\0005\000\040\217\320\210\114\122\006\221\115\377\032\147\000\131\047\217\223\121\372\060\001\127\107\173\111\122\112\121\317\116\016\160\165\145\117\136\246\122\112\121\317}{section.6.1}% 144
\BOOKMARK [2][-]{subsection.6.1.6}{\376\377\0006\000.\0001\000.\0006\000\040\133\214\145\164\117\040\133\374\117\213\133\120\377\032\126\333\176\277\226\073\142\227\060\001\126\333\116\052\126\336\137\122\150\067\147\054\124\214\116\044\172\357\123\343\122\006\221\115}{section.6.1}% 145
\BOOKMARK [2][-]{subsection.6.1.7}{\376\377\0006\000.\0001\000.\0007\000\040\120\134\153\142\060\001\142\020\147\054\060\001\145\160\143\156\211\206\166\326\124\214\133\214\145\164\140\047\133\241\147\345}{section.6.1}% 146
\BOOKMARK [1][-]{section.6.2}{\376\377\0006\000.\0002\000\040\000S\0001\0001\377\032\165\050\151\055\164\003\060\001\121\205\166\322\060\001\123\273\121\227\117\131\124\214\142\151\137\040\213\241\173\227\123\357\162\354\172\313\117\177\165\050\166\204\123\072\225\364}{chapter.6}% 147
\BOOKMARK [2][-]{subsection.6.2.1}{\376\377\0006\000.\0002\000.\0001\000\040\217\223\121\372\116\316\116\000\116\052\160\271\123\330\142\020\116\000\145\164\116\052\226\306\124\010}{section.6.2}% 148
\BOOKMARK [2][-]{subsection.6.2.2}{\376\377\0006\000.\0002\000.\0002\000\040\177\121\176\334\176\277\140\047\123\026\116\016\155\210\121\103\377\032\121\110\170\156\133\232\117\335\213\301\133\371\214\141}{section.6.2}% 149
\BOOKMARK [2][-]{subsection.6.2.3}{\376\377\0006\000.\0002\000.\0003\000\040\173\054\116\000\153\145\377\032\147\000\131\047\153\143\133\371\211\322\151\055\164\003}{section.6.2}% 150
\BOOKMARK [2][-]{subsection.6.2.4}{\376\377\0006\000.\0002\000.\0004\000\040\173\054\116\214\153\145\377\032\127\050\151\055\164\003\116\055\154\102\147\000\131\047\166\204\217\164\133\371\237\120\121\205\166\322}{section.6.2}% 151
\BOOKMARK [2][-]{subsection.6.2.5}{\376\377\0006\000.\0002\000.\0005\000\040\173\054\116\011\153\145\377\032\126\372\133\232\145\340\122\237\136\166\123\273\143\211\121\227\117\131\123\112\172\172\225\364}{section.6.2}% 152
\BOOKMARK [2][-]{subsection.6.2.6}{\376\377\0006\000.\0002\000.\0006\000\040\173\054\126\333\153\145\377\032\117\335\143\001\122\035\131\313\166\322\060\001\124\021\131\026\142\151\137\040\136\166\150\300\147\345\123\005\124\053}{section.6.2}% 153
\BOOKMARK [2][-]{subsection.6.2.7}{\376\377\0006\000.\0002\000.\0007\000\040\116\000\116\052\123\357\116\345\142\113\173\227\126\333\153\145\166\204\116\214\176\364\145\131\133\146\117\213\133\120}{section.6.2}% 154
\BOOKMARK [2][-]{subsection.6.2.8}{\376\377\0006\000.\0002\000.\0008\000\040\145\057\143\001\121\375\145\160\116\137\200\375\117\356\131\015\116\012\116\000\202\202\166\204\162\354\172\313\116\012\226\120\225\356\230\230}{section.6.2}% 155
\BOOKMARK [2][-]{subsection.6.2.9}{\376\377\0006\000.\0002\000.\0009\000\040\142\020\147\054\060\001\120\134\153\142\116\016\121\154\136\163\140\047\142\100\227\000\166\204\174\276\170\156\147\141\116\366}{section.6.2}% 156
\BOOKMARK [2][-]{subsection.6.2.10}{\376\377\0006\000.\0002\000.\0001\0000\000\040\123\237\145\207\121\154\137\017\060\001\176\277\140\047\123\026\123\312\000\040\000T\000o\000p\000o\000\040\143\245\123\343\166\204\147\000\124\016\133\241\147\345}{section.6.2}% 157
\BOOKMARK [0][-]{chapter.7}{\376\377\173\054\116\003\172\340\000\040\000\040\142\212\124\004\173\307\173\227\154\325\217\336\143\245\215\167\147\145\377\032\220\011\142\351\060\001\153\324\217\203\116\016\176\303\116\140}{}% 158
\BOOKMARK [1][-]{section.7.1}{\376\377\0007\000.\0001\000\040\143\011\123\357\165\050\211\302\155\113\220\011\142\351\213\241\173\227\215\357\176\277}{chapter.7}% 159
\BOOKMARK [1][-]{section.7.2}{\376\377\0007\000.\0002\000\040\166\370\124\014\145\160\143\156\116\013\131\202\117\125\153\324\217\203\116\015\124\014\152\041\127\127}{chapter.7}% 160
\BOOKMARK [1][-]{section.7.3}{\376\377\0007\000.\0003\000\040\120\031\220\011\121\205\147\000\117\030\116\072\116\300\116\110\116\015\200\375\121\105\137\123\121\150\127\337\213\301\146\016}{chapter.7}% 161
\BOOKMARK [1][-]{section.7.4}{\376\377\0007\000.\0004\000\040\116\016\137\123\122\115\000T\000o\000p\000o\116\343\170\001\166\204\145\160\133\146\133\371\161\147}{chapter.7}% 162
\BOOKMARK [1][-]{section.7.5}{\376\377\0007\000.\0005\000\040\116\316\176\337\213\241\226\306\124\010\122\060\217\320\210\114\133\211\121\150\166\204\121\105\122\006\147\141\116\366}{chapter.7}% 163
\BOOKMARK [1][-]{section.7.6}{\376\377\0007\000.\0006\000\040\176\303\116\140\116\016\123\302\200\003\211\343\377\032\150\300\147\345\146\057\124\046\167\037\153\143\164\006\211\343\173\227\154\325}{chapter.7}% 164
\BOOKMARK [2][-]{subsection.7.6.1}{\376\377\0007\000.\0006\000.\0001\000\040\176\303\116\140\0001\377\032\145\071\123\330\121\154\121\161\136\162\176\277\200\375\124\046\210\253\123\366\225\364\215\335\171\273\123\321\163\260}{section.7.6}% 165
\BOOKMARK [2][-]{subsection.7.6.2}{\376\377\0007\000.\0006\000.\0002\000\040\176\303\116\140\0002\377\032\116\000\116\052\147\052\167\345\221\317\213\241\145\160\215\263\131\037\166\204\126\336\137\122\116\072\117\125\116\315\131\061\215\045}{section.7.6}% 166
\BOOKMARK [2][-]{subsection.7.6.3}{\376\377\0007\000.\0006\000.\0003\000\040\176\303\116\140\0003\377\032\162\066\133\120\121\163\174\373\116\055\166\204\173\046\123\367}{section.7.6}% 167
\BOOKMARK [2][-]{subsection.7.6.4}{\376\377\0007\000.\0006\000.\0004\000\040\176\303\116\140\0004\377\032\152\041\225\177\116\000\201\364\146\057\124\046\141\017\124\163\167\100\121\104\137\037\121\163\174\373}{section.7.6}% 168
\BOOKMARK [2][-]{subsection.7.6.5}{\376\377\0007\000.\0006\000.\0005\000\040\176\303\116\140\0005\377\032\120\031\220\011\117\074\161\066\136\224\143\320\117\233\124\352\116\000\117\247\166\204\165\114}{section.7.6}% 169
\BOOKMARK [2][-]{subsection.7.6.6}{\376\377\0007\000.\0006\000.\0006\000\040\176\303\116\140\0006\377\032\116\135\116\052\150\041\121\306\150\067\147\054\200\375\124\046\176\331\0009\0005\000\045\147\011\226\120\226\010\120\074}{section.7.6}% 170
\BOOKMARK [2][-]{subsection.7.6.7}{\376\377\0007\000.\0006\000.\0007\000\040\176\303\116\140\0007\377\032\200\124\124\010\123\357\210\114\127\337\116\072\117\125\116\015\200\375\143\011\127\120\150\007\122\006\122\053\121\150\230\235\143\210\147\103}{section.7.6}% 171
\BOOKMARK [2][-]{subsection.7.6.8}{\376\377\0007\000.\0006\000.\0008\000\040\176\303\116\140\0008\377\032\116\000\153\041\143\242\155\113\200\375\124\046\142\123\170\064\142\100\147\011\226\220\205\317\153\147\116\111}{section.7.6}% 172
\BOOKMARK [0][-]{appendix.A}{\376\377\226\104\137\125\000\040\000A\000\040\000\040\220\020\173\307\133\214\145\164\140\047\116\016\147\145\156\220\133\241\147\345}{}% 173
\BOOKMARK [1][-]{section.A.1}{\376\377\000A\000.\0001\000\040\133\241\147\345\150\007\121\306\116\016\147\054\162\110\116\244\116\330\217\271\165\114}{appendix.A}% 174
\BOOKMARK [1][-]{section.A.2}{\376\377\000A\000.\0002\000\040\123\237\172\077\116\055\227\000\211\201\145\071\217\333\166\204\211\343\221\312\377\014\163\260\127\050\131\202\117\125\225\355\124\010}{appendix.A}% 175
\BOOKMARK [1][-]{section.A.3}{\376\377\000A\000.\0003\000\040\121\154\137\017\121\262\172\201\140\016\150\067\131\004\164\006\377\032\221\307\165\050\126\372\133\232\133\232\116\111\221\315\145\260\232\214\213\301}{appendix.A}% 176
\BOOKMARK [1][-]{section.A.4}{\376\377\000A\000.\0004\000\040\147\145\156\220\060\001\162\110\147\054\124\214\131\015\163\260\145\207\116\366}{appendix.A}% 177
