\BOOKMARK [0][-]{chapter*.1}{\376\377\131\202\117\125\117\177\165\050\147\054\116\146\377\014\116\345\123\312\145\347\172\077\146\057\124\046\133\214\125\204}{}% 1
\BOOKMARK [0][-]{chapter.1}{\376\377\173\054\116\000\172\340\000\040\000\040\121\161\124\014\127\372\170\100\377\032\116\316\221\115\165\065\177\121\122\060\123\357\133\146\116\140\166\204\145\160\133\146\133\371\214\141}{}% 2
\BOOKMARK [1][-]{section.1.1}{\376\377\0001\000.\0001\000\040\121\110\126\372\133\232\116\373\122\241\060\001\173\046\123\367\124\214\123\125\117\115}{chapter.1}% 3
\BOOKMARK [1][-]{section.1.2}{\376\377\0001\000.\0002\000\040\116\316\145\057\215\357\123\213\226\115\143\250\133\374\121\161\124\014\215\357\137\204\167\351\226\065}{chapter.1}% 4
\BOOKMARK [1][-]{section.1.3}{\376\377\0001\000.\0003\000\040\147\000\134\017\116\214\116\130\172\166\172\337\213\306\122\053\116\300\116\110}{chapter.1}% 5
\BOOKMARK [1][-]{section.1.4}{\376\377\0001\000.\0004\000\040\116\316\121\161\124\014\215\357\137\204\167\351\226\065\122\060\122\240\140\047\150\021\215\335\171\273}{chapter.1}% 6
\BOOKMARK [1][-]{section.1.5}{\376\377\0001\000.\0005\000\040\226\220\205\317\202\202\160\271\377\032\000K\000r\000o\000n\167\351\226\065\116\016\162\151\164\006\220\273\143\245\166\204\123\072\122\053}{chapter.1}% 7
\BOOKMARK [1][-]{section.1.6}{\376\377\0001\000.\0006\000\040\215\057\172\177\124\004\172\340\166\204\116\011\147\141\150\300\147\345\176\277}{chapter.1}% 8
\BOOKMARK [0][-]{chapter.2}{\376\377\173\054\116\214\172\340\000\040\000\040\210\253\122\250\221\317\155\113\116\016\226\220\205\317\150\021\377\032\000S\0001\040\023\000S\0004}{}% 9
\BOOKMARK [1][-]{section.2.1}{\376\377\0002\000.\0001\000\040\000S\0001\377\032\121\110\220\011\142\351\123\357\213\306\122\053\166\204\133\371\214\141\377\014\121\215\220\011\142\351\173\227\154\325}{chapter.2}% 10
\BOOKMARK [2][-]{subsection.2.1.1}{\376\377\0002\000.\0001\000.\0001\000\040\145\131\172\013\166\204\211\322\202\162\124\214\145\271\154\325\143\245\123\343}{section.2.1}% 11
\BOOKMARK [2][-]{subsection.2.1.2}{\376\377\0002\000.\0001\000.\0002\000\040\121\154\121\161\152\041\127\127\000A\377\032\121\150\202\202\160\271\166\370\221\317\126\336\137\122}{section.2.1}% 12
\BOOKMARK [2][-]{subsection.2.1.3}{\376\377\0002\000.\0001\000.\0003\000\040\121\154\121\161\152\041\127\127\000B\377\032\116\072\116\300\116\110\165\065\123\213\166\370\121\163\140\047\117\032\155\367\124\010\116\044\171\315\147\072\122\066}{section.2.1}% 13
\BOOKMARK [1][-]{section.2.2}{\376\377\0002\000.\0002\000\040\000S\0002\377\032\147\053\172\357\000P\000/\000Q\000/\000V\200\124\124\010\117\060\213\241\215\357\176\277\116\016\166\356\122\115\166\204\213\301\143\156\177\072\123\343}{chapter.2}% 14
\BOOKMARK [2][-]{subsection.2.2.1}{\376\377\0002\000.\0002\000.\0001\000\040\124\352\116\233\121\205\133\271\200\375\131\037\137\122\116\216\123\237\213\272\145\207}{section.2.2}% 15
\BOOKMARK [2][-]{subsection.2.2.2}{\376\377\0002\000.\0002\000.\0002\000\040\200\314\146\157\152\041\127\127\0001\377\032\217\336\176\355\167\351\226\065\166\204\121\370\117\060\213\241}{section.2.2}% 16
\BOOKMARK [2][-]{subsection.2.2.3}{\376\377\0002\000.\0002\000.\0003\000\040\200\314\146\157\152\041\127\127\0002\377\032\215\335\171\273\122\006\176\304\116\016\120\031\220\011\176\323\147\204}{section.2.2}% 17
\BOOKMARK [2][-]{subsection.2.2.4}{\376\377\0002\000.\0002\000.\0004\000\040\200\314\146\157\152\041\127\127\0003\377\032\126\372\133\232\176\323\147\204\116\012\166\204\227\136\176\277\140\047\123\302\145\160\117\356\153\143}{section.2.2}% 18
\BOOKMARK [2][-]{subsection.2.2.5}{\376\377\0002\000.\0002\000.\0005\000\040\133\214\145\164\131\015\163\260\116\315\177\072\124\352\116\233\116\015\123\357\167\001\165\145\166\204\143\245\123\343}{section.2.2}% 19
\BOOKMARK [1][-]{section.2.3}{\376\377\0002\000.\0003\000\040\000S\0003\377\032\116\011\166\370\165\065\155\101\160\165\145\117\136\246\060\001\220\022\137\122\122\006\176\304\116\016\126\336\156\257\220\011\150\021}{chapter.2}% 20
\BOOKMARK [2][-]{subsection.2.3.1}{\376\377\0002\000.\0003\000.\0001\000\040\145\164\117\123\213\241\173\227\126\376\116\016\217\223\121\145\217\223\121\372}{section.2.3}% 21
\BOOKMARK [2][-]{subsection.2.3.2}{\376\377\0002\000.\0003\000.\0002\000\040\153\145\232\244\116\000\377\032\165\061\146\172\200\375\210\150\220\032\220\123\147\204\220\040\217\321\117\074\131\015\165\065\155\101}{section.2.3}% 22
\BOOKMARK [2][-]{subsection.2.3.3}{\376\377\0002\000.\0003\000.\0003\000\040\153\145\232\244\116\214\377\032\142\225\137\161\152\041\127\213\140\016\150\067\137\142\142\020\133\236\116\214\153\041\211\304\122\022}{section.2.3}% 23
\BOOKMARK [2][-]{subsection.2.3.4}{\376\377\0002\000.\0003\000.\0004\000\040\153\145\232\244\116\011\377\032\137\227\122\060\220\002\124\010\122\006\176\304\166\204\121\161\124\014\226\073\142\227\116\016\215\335\171\273}{section.2.3}% 24
\BOOKMARK [2][-]{subsection.2.3.5}{\376\377\0002\000.\0003\000.\0005\000\040\153\145\232\244\126\333\377\032\123\237\145\207\213\304\122\006\060\001\120\031\220\011\150\010\124\214\126\336\156\257}{section.2.3}% 25
\BOOKMARK [2][-]{subsection.2.3.6}{\376\377\0002\000.\0003\000.\0006\000\040\142\113\173\227\133\214\145\164\122\006\176\304\377\032\116\316\126\333\116\052\172\357\160\271\140\142\131\015\116\044\134\102\226\220\205\317\122\006\123\311}{section.2.3}% 26
\BOOKMARK [2][-]{subsection.2.3.7}{\376\377\0002\000.\0003\000.\0007\000\040\153\145\232\244\116\224\377\032\133\371\133\214\145\164\120\031\220\011\213\304\122\006\123\312\116\343\116\367\211\343\221\312}{section.2.3}% 27
\BOOKMARK [2][-]{subsection.2.3.8}{\376\377\0002\000.\0003\000.\0008\000\040\117\335\213\301\116\016\220\002\165\050\203\003\126\364\145\076\127\050\173\227\154\325\116\113\124\016\164\006\211\343}{section.2.3}% 28
\BOOKMARK [1][-]{section.2.4}{\376\377\0002\000.\0004\000\040\000S\0004\377\032\157\134\150\021\060\001\000E\000M\124\214\000B\000I\000C\166\204\145\131\147\120\143\250\133\374}{chapter.2}% 29
\BOOKMARK [2][-]{subsection.2.4.1}{\376\377\0002\000.\0004\000.\0001\000\040\147\145\156\220\203\003\126\364\116\016\121\161\124\014\151\202\163\207\147\072\122\066}{section.2.4}% 30
\BOOKMARK [2][-]{subsection.2.4.2}{\376\377\0002\000.\0004\000.\0002\000\040\126\372\133\232\176\323\147\204\116\013\166\204\000E\000M\377\032\116\072\117\125\227\000\211\201\147\141\116\366\145\271\135\356}{section.2.4}% 31
\BOOKMARK [2][-]{subsection.2.4.3}{\376\377\0002\000.\0004\000.\0003\000\040\116\072\116\300\116\110\117\074\161\066\116\015\116\013\226\115\377\014\117\106\116\315\123\357\200\375\145\066\145\133\122\060\134\100\220\350\211\343}{section.2.4}% 32
\BOOKMARK [2][-]{subsection.2.4.4}{\376\377\0002\000.\0004\000.\0004\000\040\000B\000I\000C\166\204\145\160\120\074\124\053\116\111\116\016\213\241\173\227\142\020\147\054}{section.2.4}% 33
\BOOKMARK [2][-]{subsection.2.4.5}{\376\377\0002\000.\0004\000.\0005\000\040\000E\000M\116\016\226\220\205\317\162\151\164\006\176\323\147\204\166\204\217\271\165\114}{section.2.4}% 34
\BOOKMARK [0][-]{chapter.3}{\376\377\173\054\116\011\172\340\000\040\000\040\142\212\124\004\173\307\173\227\154\325\217\336\143\245\215\167\147\145\377\032\220\011\142\351\060\001\153\324\217\203\116\016\176\303\116\140}{}% 35
\BOOKMARK [1][-]{section.3.1}{\376\377\0003\000.\0001\000\040\143\011\123\357\165\050\211\302\155\113\220\011\142\351\213\241\173\227\215\357\176\277}{chapter.3}% 36
\BOOKMARK [1][-]{section.3.2}{\376\377\0003\000.\0002\000\040\166\370\124\014\145\160\143\156\116\013\131\202\117\125\153\324\217\203\116\015\124\014\152\041\127\127}{chapter.3}% 37
\BOOKMARK [1][-]{section.3.3}{\376\377\0003\000.\0003\000\040\120\031\220\011\121\205\147\000\117\030\116\072\116\300\116\110\116\015\200\375\121\105\137\123\121\150\127\337\213\301\146\016}{chapter.3}% 38
\BOOKMARK [1][-]{section.3.4}{\376\377\0003\000.\0004\000\040\116\016\137\123\122\115\000T\000o\000p\000o\116\343\170\001\166\204\145\160\133\146\133\371\161\147}{chapter.3}% 39
\BOOKMARK [1][-]{section.3.5}{\376\377\0003\000.\0005\000\040\116\316\176\337\213\241\226\306\124\010\122\060\217\320\210\114\133\211\121\150\166\204\121\105\122\006\147\141\116\366}{chapter.3}% 40
\BOOKMARK [1][-]{section.3.6}{\376\377\0003\000.\0006\000\040\176\303\116\140\116\016\123\302\200\003\211\343\377\032\150\300\147\345\146\057\124\046\167\037\153\143\164\006\211\343\173\227\154\325}{chapter.3}% 41
\BOOKMARK [2][-]{subsection.3.6.1}{\376\377\0003\000.\0006\000.\0001\000\040\176\303\116\140\0001\377\032\145\071\123\330\121\154\121\161\136\162\176\277\200\375\124\046\210\253\123\366\225\364\215\335\171\273\123\321\163\260}{section.3.6}% 42
\BOOKMARK [2][-]{subsection.3.6.2}{\376\377\0003\000.\0006\000.\0002\000\040\176\303\116\140\0002\377\032\116\000\116\052\147\052\167\345\221\317\213\241\145\160\215\263\131\037\166\204\126\336\137\122\116\072\117\125\116\315\131\061\215\045}{section.3.6}% 43
\BOOKMARK [2][-]{subsection.3.6.3}{\376\377\0003\000.\0006\000.\0003\000\040\176\303\116\140\0003\377\032\162\066\133\120\121\163\174\373\116\055\166\204\173\046\123\367}{section.3.6}% 44
\BOOKMARK [2][-]{subsection.3.6.4}{\376\377\0003\000.\0006\000.\0004\000\040\176\303\116\140\0004\377\032\152\041\225\177\116\000\201\364\146\057\124\046\141\017\124\163\167\100\121\104\137\037\121\163\174\373}{section.3.6}% 45
\BOOKMARK [2][-]{subsection.3.6.5}{\376\377\0003\000.\0006\000.\0005\000\040\176\303\116\140\0005\377\032\120\031\220\011\117\074\161\066\136\224\143\320\117\233\124\352\116\000\117\247\166\204\165\114}{section.3.6}% 46
\BOOKMARK [2][-]{subsection.3.6.6}{\376\377\0003\000.\0006\000.\0006\000\040\176\303\116\140\0006\377\032\116\135\116\052\150\041\121\306\150\067\147\054\200\375\124\046\176\331\0009\0005\000\045\147\011\226\120\226\010\120\074}{section.3.6}% 47
\BOOKMARK [2][-]{subsection.3.6.7}{\376\377\0003\000.\0006\000.\0007\000\040\176\303\116\140\0007\377\032\200\124\124\010\123\357\210\114\127\337\116\072\117\125\116\015\200\375\143\011\127\120\150\007\122\006\122\053\121\150\230\235\143\210\147\103}{section.3.6}% 48
\BOOKMARK [2][-]{subsection.3.6.8}{\376\377\0003\000.\0006\000.\0008\000\040\176\303\116\140\0008\377\032\116\000\153\041\143\242\155\113\200\375\124\046\142\123\170\064\142\100\147\011\226\220\205\317\153\147\116\111}{section.3.6}% 49
\BOOKMARK [0][-]{appendix.A}{\376\377\226\104\137\125\000\040\000A\000\040\000\040\220\020\173\307\133\214\145\164\140\047\116\016\147\145\156\220\133\241\147\345}{}% 50
\BOOKMARK [1][-]{section.A.1}{\376\377\000A\000.\0001\000\040\133\241\147\345\150\007\121\306\116\016\147\054\162\110\116\244\116\330\217\271\165\114}{appendix.A}% 51
\BOOKMARK [1][-]{section.A.2}{\376\377\000A\000.\0002\000\040\123\237\172\077\116\055\227\000\211\201\145\071\217\333\166\204\211\343\221\312\377\014\163\260\127\050\131\202\117\125\225\355\124\010}{appendix.A}% 52
\BOOKMARK [1][-]{section.A.3}{\376\377\000A\000.\0003\000\040\121\154\137\017\121\262\172\201\140\016\150\067\131\004\164\006\377\032\221\307\165\050\126\372\133\232\133\232\116\111\221\315\145\260\232\214\213\301}{appendix.A}% 53
\BOOKMARK [1][-]{section.A.4}{\376\377\000A\000.\0004\000\040\147\145\156\220\060\001\162\110\147\054\124\214\131\015\163\260\145\207\116\366}{appendix.A}% 54
